// Validating benchmarks:
//    * No exporters defined, results will not be persisted.

// ***** BenchmarkRunner: Start   *****
// ***** Found 3 benchmark(s) in total *****
// ***** Building 1 exe(s) in Parallel: Start   *****
// start dotnet  restore --nodeReuse:false /p:UseSharedCompilation=false /p:Deterministic=true /p:Optimize=true /p:ArtifactsPath="D:\.NET Course\Assignments\C# Assingments\omarsalem33-Assignment-4\submission\assignment\AcademyScheduleAnalyzer\AcademyScheduleAnalyzer\bin\Release\net10.0\AcademyScheduleAnalyzer-DefaultJob-2/" /p:OutDir="D:\.NET Course\Assignments\C# Assingments\omarsalem33-Assignment-4\submission\assignment\AcademyScheduleAnalyzer\AcademyScheduleAnalyzer\bin\Release\net10.0\AcademyScheduleAnalyzer-DefaultJob-2\bin\Release\net10.0/" /p:OutputPath="D:\.NET Course\Assignments\C# Assingments\omarsalem33-Assignment-4\submission\assignment\AcademyScheduleAnalyzer\AcademyScheduleAnalyzer\bin\Release\net10.0\AcademyScheduleAnalyzer-DefaultJob-2\bin\Release\net10.0/" /p:PublishDir="D:\.NET Course\Assignments\C# Assingments\omarsalem33-Assignment-4\submission\assignment\AcademyScheduleAnalyzer\AcademyScheduleAnalyzer\bin\Release\net10.0\AcademyScheduleAnalyzer-DefaultJob-2\publish/" in D:\.NET Course\Assignments\C# Assingments\omarsalem33-Assignment-4\submission\assignment\AcademyScheduleAnalyzer\AcademyScheduleAnalyzer\bin\Release\net10.0\AcademyScheduleAnalyzer-DefaultJob-2
// command took 1.46 sec and exited with 0
// start dotnet  build -c Release --no-restore --nodeReuse:false /p:UseSharedCompilation=false /p:Deterministic=true /p:Optimize=true /p:ArtifactsPath="D:\.NET Course\Assignments\C# Assingments\omarsalem33-Assignment-4\submission\assignment\AcademyScheduleAnalyzer\AcademyScheduleAnalyzer\bin\Release\net10.0\AcademyScheduleAnalyzer-DefaultJob-2/" /p:OutDir="D:\.NET Course\Assignments\C# Assingments\omarsalem33-Assignment-4\submission\assignment\AcademyScheduleAnalyzer\AcademyScheduleAnalyzer\bin\Release\net10.0\AcademyScheduleAnalyzer-DefaultJob-2\bin\Release\net10.0/" /p:OutputPath="D:\.NET Course\Assignments\C# Assingments\omarsalem33-Assignment-4\submission\assignment\AcademyScheduleAnalyzer\AcademyScheduleAnalyzer\bin\Release\net10.0\AcademyScheduleAnalyzer-DefaultJob-2\bin\Release\net10.0/" /p:PublishDir="D:\.NET Course\Assignments\C# Assingments\omarsalem33-Assignment-4\submission\assignment\AcademyScheduleAnalyzer\AcademyScheduleAnalyzer\bin\Release\net10.0\AcademyScheduleAnalyzer-DefaultJob-2\publish/" --output "D:\.NET Course\Assignments\C# Assingments\omarsalem33-Assignment-4\submission\assignment\AcademyScheduleAnalyzer\AcademyScheduleAnalyzer\bin\Release\net10.0\AcademyScheduleAnalyzer-DefaultJob-2\bin\Release\net10.0/" in D:\.NET Course\Assignments\C# Assingments\omarsalem33-Assignment-4\submission\assignment\AcademyScheduleAnalyzer\AcademyScheduleAnalyzer\bin\Release\net10.0\AcademyScheduleAnalyzer-DefaultJob-2
// command took 7.73 sec and exited with 0
// ***** Done, took 00:00:09 (9.2 sec)   *****
// Found 3 benchmarks:
//   AllocationBenchmark.StringConcatenation: DefaultJob
//   AllocationBenchmark.ArrayAllocation: DefaultJob
//   AllocationBenchmark.SpanUsage: DefaultJob

Setup power plan (GUID: 8c5e7fda-e8bf-4a96-9a85-a6e23a8c635c FriendlyName: High performance)
// **************************
// Benchmark: AllocationBenchmark.StringConcatenation: DefaultJob
// *** Execute ***
// Launch: 1 / 1
// Execute: dotnet AcademyScheduleAnalyzer-DefaultJob-2.dll --anonymousPipes 1416 1540 --benchmarkName MemoryBenchmarking.AllocationBenchmark.StringConcatenation --job Default --benchmarkId 0 in D:\.NET Course\Assignments\C# Assingments\omarsalem33-Assignment-4\submission\assignment\AcademyScheduleAnalyzer\AcademyScheduleAnalyzer\bin\Release\net10.0\AcademyScheduleAnalyzer-DefaultJob-2\bin\Release\net10.0
// BeforeAnythingElse

// Benchmark Process Environment Information:
// BenchmarkDotNet v0.15.8
// Runtime=.NET 10.0.12 (10.0.12, 10.0.1226.42308), X64 RyuJIT x86-64-v3
// GC=Concurrent Workstation
// HardwareIntrinsics=AVX2+BMI1+BMI2+F16C+FMA+LZCNT+MOVBE,AVX,SSE3+SSSE3+SSE4.1+SSE4.2+POPCNT,X86Base+SSE+SSE2,AES+PCLMUL VectorSize=256
// Job: DefaultJob

OverheadJitting  1: 1 op, 358600.00 ns, 358.6000 us/op
WorkloadJitting  1: 1 op, 2346300.00 ns, 2.3463 ms/op

OverheadJitting  2: 16 op, 697600.00 ns, 43.6000 us/op
WorkloadJitting  2: 16 op, 12864000.00 ns, 804.0000 us/op

WorkloadPilot    1: 16 op, 8716300.00 ns, 544.7688 us/op
WorkloadPilot    2: 32 op, 17255000.00 ns, 539.2188 us/op
WorkloadPilot    3: 64 op, 24269700.00 ns, 379.2141 us/op
WorkloadPilot    4: 128 op, 42081200.00 ns, 328.7594 us/op
WorkloadPilot    5: 256 op, 76298800.00 ns, 298.0422 us/op
WorkloadPilot    6: 512 op, 124246400.00 ns, 242.6688 us/op
WorkloadPilot    7: 1024 op, 251040900.00 ns, 245.1571 us/op
WorkloadPilot    8: 2048 op, 514139400.00 ns, 251.0446 us/op

OverheadWarmup   1: 2048 op, 34700.00 ns, 16.9434 ns/op
OverheadWarmup   2: 2048 op, 10600.00 ns, 5.1758 ns/op
OverheadWarmup   3: 2048 op, 10300.00 ns, 5.0293 ns/op
OverheadWarmup   4: 2048 op, 10400.00 ns, 5.0781 ns/op
OverheadWarmup   5: 2048 op, 10300.00 ns, 5.0293 ns/op
OverheadWarmup   6: 2048 op, 10200.00 ns, 4.9805 ns/op
OverheadWarmup   7: 2048 op, 10400.00 ns, 5.0781 ns/op
OverheadWarmup   8: 2048 op, 10400.00 ns, 5.0781 ns/op

OverheadActual   1: 2048 op, 17400.00 ns, 8.4961 ns/op
OverheadActual   2: 2048 op, 12800.00 ns, 6.2500 ns/op
OverheadActual   3: 2048 op, 10600.00 ns, 5.1758 ns/op
OverheadActual   4: 2048 op, 15500.00 ns, 7.5684 ns/op
OverheadActual   5: 2048 op, 10500.00 ns, 5.1270 ns/op
OverheadActual   6: 2048 op, 10200.00 ns, 4.9805 ns/op
OverheadActual   7: 2048 op, 10200.00 ns, 4.9805 ns/op
OverheadActual   8: 2048 op, 10200.00 ns, 4.9805 ns/op
OverheadActual   9: 2048 op, 10300.00 ns, 5.0293 ns/op
OverheadActual  10: 2048 op, 10400.00 ns, 5.0781 ns/op
OverheadActual  11: 2048 op, 10800.00 ns, 5.2734 ns/op
OverheadActual  12: 2048 op, 15600.00 ns, 7.6172 ns/op
OverheadActual  13: 2048 op, 11900.00 ns, 5.8105 ns/op
OverheadActual  14: 2048 op, 10900.00 ns, 5.3223 ns/op
OverheadActual  15: 2048 op, 19900.00 ns, 9.7168 ns/op
OverheadActual  16: 2048 op, 12700.00 ns, 6.2012 ns/op
OverheadActual  17: 2048 op, 14500.00 ns, 7.0801 ns/op
OverheadActual  18: 2048 op, 10900.00 ns, 5.3223 ns/op
OverheadActual  19: 2048 op, 10600.00 ns, 5.1758 ns/op
OverheadActual  20: 2048 op, 13600.00 ns, 6.6406 ns/op

WorkloadWarmup   1: 2048 op, 549692100.00 ns, 268.4043 us/op
WorkloadWarmup   2: 2048 op, 554566800.00 ns, 270.7846 us/op
WorkloadWarmup   3: 2048 op, 663816700.00 ns, 324.1292 us/op
WorkloadWarmup   4: 2048 op, 855364200.00 ns, 417.6583 us/op
WorkloadWarmup   5: 2048 op, 566272000.00 ns, 276.5000 us/op
WorkloadWarmup   6: 2048 op, 485371400.00 ns, 236.9978 us/op
WorkloadWarmup   7: 2048 op, 460665200.00 ns, 224.9342 us/op
WorkloadWarmup   8: 2048 op, 470099800.00 ns, 229.5409 us/op
WorkloadWarmup   9: 2048 op, 438691000.00 ns, 214.2046 us/op

// BeforeActualRun
WorkloadActual   1: 2048 op, 464135200.00 ns, 226.6285 us/op
WorkloadActual   2: 2048 op, 600443500.00 ns, 293.1853 us/op
WorkloadActual   3: 2048 op, 744383200.00 ns, 363.4684 us/op
WorkloadActual   4: 2048 op, 644099100.00 ns, 314.5015 us/op
WorkloadActual   5: 2048 op, 473635300.00 ns, 231.2672 us/op
WorkloadActual   6: 2048 op, 441383300.00 ns, 215.5192 us/op
WorkloadActual   7: 2048 op, 613390800.00 ns, 299.5072 us/op
WorkloadActual   8: 2048 op, 550452400.00 ns, 268.7756 us/op
WorkloadActual   9: 2048 op, 609068600.00 ns, 297.3968 us/op
WorkloadActual  10: 2048 op, 601699600.00 ns, 293.7986 us/op
WorkloadActual  11: 2048 op, 652419600.00 ns, 318.5643 us/op
WorkloadActual  12: 2048 op, 487213800.00 ns, 237.8974 us/op
WorkloadActual  13: 2048 op, 464542600.00 ns, 226.8274 us/op
WorkloadActual  14: 2048 op, 551294300.00 ns, 269.1867 us/op
WorkloadActual  15: 2048 op, 512868500.00 ns, 250.4241 us/op
WorkloadActual  16: 2048 op, 435233400.00 ns, 212.5163 us/op
WorkloadActual  17: 2048 op, 462286700.00 ns, 225.7259 us/op
WorkloadActual  18: 2048 op, 477863800.00 ns, 233.3319 us/op
WorkloadActual  19: 2048 op, 551695100.00 ns, 269.3824 us/op
WorkloadActual  20: 2048 op, 577040700.00 ns, 281.7582 us/op
WorkloadActual  21: 2048 op, 523092000.00 ns, 255.4160 us/op
WorkloadActual  22: 2048 op, 459244800.00 ns, 224.2406 us/op
WorkloadActual  23: 2048 op, 529491400.00 ns, 258.5407 us/op
WorkloadActual  24: 2048 op, 457700000.00 ns, 223.4863 us/op
WorkloadActual  25: 2048 op, 597575000.00 ns, 291.7847 us/op
WorkloadActual  26: 2048 op, 494602000.00 ns, 241.5049 us/op
WorkloadActual  27: 2048 op, 464012300.00 ns, 226.5685 us/op
WorkloadActual  28: 2048 op, 446366800.00 ns, 217.9525 us/op
WorkloadActual  29: 2048 op, 443864200.00 ns, 216.7306 us/op
WorkloadActual  30: 2048 op, 544531500.00 ns, 265.8845 us/op
WorkloadActual  31: 2048 op, 464704700.00 ns, 226.9066 us/op
WorkloadActual  32: 2048 op, 439929800.00 ns, 214.8095 us/op
WorkloadActual  33: 2048 op, 426280300.00 ns, 208.1447 us/op
WorkloadActual  34: 2048 op, 467384000.00 ns, 228.2148 us/op
WorkloadActual  35: 2048 op, 485806800.00 ns, 237.2104 us/op
WorkloadActual  36: 2048 op, 416351100.00 ns, 203.2964 us/op
WorkloadActual  37: 2048 op, 362891700.00 ns, 177.1932 us/op
WorkloadActual  38: 2048 op, 362923100.00 ns, 177.2085 us/op
WorkloadActual  39: 2048 op, 362090600.00 ns, 176.8021 us/op
WorkloadActual  40: 2048 op, 357578000.00 ns, 174.5986 us/op
WorkloadActual  41: 2048 op, 358145700.00 ns, 174.8758 us/op
WorkloadActual  42: 2048 op, 373796200.00 ns, 182.5177 us/op
WorkloadActual  43: 2048 op, 444190300.00 ns, 216.8898 us/op
WorkloadActual  44: 2048 op, 410749200.00 ns, 200.5611 us/op
WorkloadActual  45: 2048 op, 375533900.00 ns, 183.3662 us/op
WorkloadActual  46: 2048 op, 360214000.00 ns, 175.8857 us/op
WorkloadActual  47: 2048 op, 382561800.00 ns, 186.7978 us/op
WorkloadActual  48: 2048 op, 365131300.00 ns, 178.2868 us/op
WorkloadActual  49: 2048 op, 358849500.00 ns, 175.2195 us/op
WorkloadActual  50: 2048 op, 358256600.00 ns, 174.9300 us/op
WorkloadActual  51: 2048 op, 352385500.00 ns, 172.0632 us/op
WorkloadActual  52: 2048 op, 354923000.00 ns, 173.3022 us/op
WorkloadActual  53: 2048 op, 371691700.00 ns, 181.4901 us/op
WorkloadActual  54: 2048 op, 355115600.00 ns, 173.3963 us/op
WorkloadActual  55: 2048 op, 459107700.00 ns, 224.1737 us/op
WorkloadActual  56: 2048 op, 378099300.00 ns, 184.6188 us/op
WorkloadActual  57: 2048 op, 361261300.00 ns, 176.3971 us/op
WorkloadActual  58: 2048 op, 353985100.00 ns, 172.8443 us/op
WorkloadActual  59: 2048 op, 349052200.00 ns, 170.4356 us/op
WorkloadActual  60: 2048 op, 350181500.00 ns, 170.9871 us/op
WorkloadActual  61: 2048 op, 360363200.00 ns, 175.9586 us/op
WorkloadActual  62: 2048 op, 361829700.00 ns, 176.6747 us/op
WorkloadActual  63: 2048 op, 359145800.00 ns, 175.3642 us/op
WorkloadActual  64: 2048 op, 362212800.00 ns, 176.8617 us/op
WorkloadActual  65: 2048 op, 351814500.00 ns, 171.7844 us/op
WorkloadActual  66: 2048 op, 361189700.00 ns, 176.3622 us/op
WorkloadActual  67: 2048 op, 358438600.00 ns, 175.0188 us/op
WorkloadActual  68: 2048 op, 370799300.00 ns, 181.0543 us/op
WorkloadActual  69: 2048 op, 378848000.00 ns, 184.9844 us/op
WorkloadActual  70: 2048 op, 434525100.00 ns, 212.1705 us/op
WorkloadActual  71: 2048 op, 367517200.00 ns, 179.4518 us/op
WorkloadActual  72: 2048 op, 427380200.00 ns, 208.6817 us/op
WorkloadActual  73: 2048 op, 395456000.00 ns, 193.0938 us/op
WorkloadActual  74: 2048 op, 363148100.00 ns, 177.3184 us/op
WorkloadActual  75: 2048 op, 357105500.00 ns, 174.3679 us/op
WorkloadActual  76: 2048 op, 352024300.00 ns, 171.8869 us/op
WorkloadActual  77: 2048 op, 349839800.00 ns, 170.8202 us/op
WorkloadActual  78: 2048 op, 348042200.00 ns, 169.9425 us/op
WorkloadActual  79: 2048 op, 352059600.00 ns, 171.9041 us/op
WorkloadActual  80: 2048 op, 358988400.00 ns, 175.2873 us/op
WorkloadActual  81: 2048 op, 351170600.00 ns, 171.4700 us/op
WorkloadActual  82: 2048 op, 347605600.00 ns, 169.7293 us/op
WorkloadActual  83: 2048 op, 351317100.00 ns, 171.5416 us/op
WorkloadActual  84: 2048 op, 443895200.00 ns, 216.7457 us/op
WorkloadActual  85: 2048 op, 481021900.00 ns, 234.8740 us/op
WorkloadActual  86: 2048 op, 401141900.00 ns, 195.8701 us/op
WorkloadActual  87: 2048 op, 506160600.00 ns, 247.1487 us/op
WorkloadActual  88: 2048 op, 385873200.00 ns, 188.4146 us/op
WorkloadActual  89: 2048 op, 402967400.00 ns, 196.7614 us/op
WorkloadActual  90: 2048 op, 379387800.00 ns, 185.2479 us/op
WorkloadActual  91: 2048 op, 361487600.00 ns, 176.5076 us/op
WorkloadActual  92: 2048 op, 376692400.00 ns, 183.9318 us/op
WorkloadActual  93: 2048 op, 363867700.00 ns, 177.6698 us/op
WorkloadActual  94: 2048 op, 352257800.00 ns, 172.0009 us/op
WorkloadActual  95: 2048 op, 349283000.00 ns, 170.5483 us/op
WorkloadActual  96: 2048 op, 358031200.00 ns, 174.8199 us/op
WorkloadActual  97: 2048 op, 381865900.00 ns, 186.4580 us/op
WorkloadActual  98: 2048 op, 444407400.00 ns, 216.9958 us/op
WorkloadActual  99: 2048 op, 389241200.00 ns, 190.0592 us/op
WorkloadActual  100: 2048 op, 375727400.00 ns, 183.4606 us/op

// AfterActualRun
WorkloadResult   1: 2048 op, 464124300.00 ns, 226.6232 us/op
WorkloadResult   2: 2048 op, 600432600.00 ns, 293.1800 us/op
WorkloadResult   3: 2048 op, 473624400.00 ns, 231.2619 us/op
WorkloadResult   4: 2048 op, 441372400.00 ns, 215.5139 us/op
WorkloadResult   5: 2048 op, 613379900.00 ns, 299.5019 us/op
WorkloadResult   6: 2048 op, 550441500.00 ns, 268.7703 us/op
WorkloadResult   7: 2048 op, 609057700.00 ns, 297.3915 us/op
WorkloadResult   8: 2048 op, 601688700.00 ns, 293.7933 us/op
WorkloadResult   9: 2048 op, 487202900.00 ns, 237.8920 us/op
WorkloadResult  10: 2048 op, 464531700.00 ns, 226.8221 us/op
WorkloadResult  11: 2048 op, 551283400.00 ns, 269.1813 us/op
WorkloadResult  12: 2048 op, 512857600.00 ns, 250.4188 us/op
WorkloadResult  13: 2048 op, 435222500.00 ns, 212.5110 us/op
WorkloadResult  14: 2048 op, 462275800.00 ns, 225.7206 us/op
WorkloadResult  15: 2048 op, 477852900.00 ns, 233.3266 us/op
WorkloadResult  16: 2048 op, 551684200.00 ns, 269.3771 us/op
WorkloadResult  17: 2048 op, 577029800.00 ns, 281.7528 us/op
WorkloadResult  18: 2048 op, 523081100.00 ns, 255.4107 us/op
WorkloadResult  19: 2048 op, 459233900.00 ns, 224.2353 us/op
WorkloadResult  20: 2048 op, 529480500.00 ns, 258.5354 us/op
WorkloadResult  21: 2048 op, 457689100.00 ns, 223.4810 us/op
WorkloadResult  22: 2048 op, 597564100.00 ns, 291.7793 us/op
WorkloadResult  23: 2048 op, 494591100.00 ns, 241.4996 us/op
WorkloadResult  24: 2048 op, 464001400.00 ns, 226.5632 us/op
WorkloadResult  25: 2048 op, 446355900.00 ns, 217.9472 us/op
WorkloadResult  26: 2048 op, 443853300.00 ns, 216.7252 us/op
WorkloadResult  27: 2048 op, 544520600.00 ns, 265.8792 us/op
WorkloadResult  28: 2048 op, 464693800.00 ns, 226.9013 us/op
WorkloadResult  29: 2048 op, 439918900.00 ns, 214.8042 us/op
WorkloadResult  30: 2048 op, 426269400.00 ns, 208.1394 us/op
WorkloadResult  31: 2048 op, 467373100.00 ns, 228.2095 us/op
WorkloadResult  32: 2048 op, 485795900.00 ns, 237.2050 us/op
WorkloadResult  33: 2048 op, 416340200.00 ns, 203.2911 us/op
WorkloadResult  34: 2048 op, 362880800.00 ns, 177.1879 us/op
WorkloadResult  35: 2048 op, 362912200.00 ns, 177.2032 us/op
WorkloadResult  36: 2048 op, 362079700.00 ns, 176.7967 us/op
WorkloadResult  37: 2048 op, 357567100.00 ns, 174.5933 us/op
WorkloadResult  38: 2048 op, 358134800.00 ns, 174.8705 us/op
WorkloadResult  39: 2048 op, 373785300.00 ns, 182.5124 us/op
WorkloadResult  40: 2048 op, 444179400.00 ns, 216.8845 us/op
WorkloadResult  41: 2048 op, 410738300.00 ns, 200.5558 us/op
WorkloadResult  42: 2048 op, 375523000.00 ns, 183.3608 us/op
WorkloadResult  43: 2048 op, 360203100.00 ns, 175.8804 us/op
WorkloadResult  44: 2048 op, 382550900.00 ns, 186.7924 us/op
WorkloadResult  45: 2048 op, 365120400.00 ns, 178.2814 us/op
WorkloadResult  46: 2048 op, 358838600.00 ns, 175.2142 us/op
WorkloadResult  47: 2048 op, 358245700.00 ns, 174.9247 us/op
WorkloadResult  48: 2048 op, 352374600.00 ns, 172.0579 us/op
WorkloadResult  49: 2048 op, 354912100.00 ns, 173.2969 us/op
WorkloadResult  50: 2048 op, 371680800.00 ns, 181.4848 us/op
WorkloadResult  51: 2048 op, 355104700.00 ns, 173.3910 us/op
WorkloadResult  52: 2048 op, 459096800.00 ns, 224.1684 us/op
WorkloadResult  53: 2048 op, 378088400.00 ns, 184.6135 us/op
WorkloadResult  54: 2048 op, 361250400.00 ns, 176.3918 us/op
WorkloadResult  55: 2048 op, 353974200.00 ns, 172.8390 us/op
WorkloadResult  56: 2048 op, 349041300.00 ns, 170.4303 us/op
WorkloadResult  57: 2048 op, 350170600.00 ns, 170.9817 us/op
WorkloadResult  58: 2048 op, 360352300.00 ns, 175.9533 us/op
WorkloadResult  59: 2048 op, 361818800.00 ns, 176.6693 us/op
WorkloadResult  60: 2048 op, 359134900.00 ns, 175.3588 us/op
WorkloadResult  61: 2048 op, 362201900.00 ns, 176.8564 us/op
WorkloadResult  62: 2048 op, 351803600.00 ns, 171.7791 us/op
WorkloadResult  63: 2048 op, 361178800.00 ns, 176.3568 us/op
WorkloadResult  64: 2048 op, 358427700.00 ns, 175.0135 us/op
WorkloadResult  65: 2048 op, 370788400.00 ns, 181.0490 us/op
WorkloadResult  66: 2048 op, 378837100.00 ns, 184.9791 us/op
WorkloadResult  67: 2048 op, 434514200.00 ns, 212.1651 us/op
WorkloadResult  68: 2048 op, 367506300.00 ns, 179.4464 us/op
WorkloadResult  69: 2048 op, 427369300.00 ns, 208.6764 us/op
WorkloadResult  70: 2048 op, 395445100.00 ns, 193.0884 us/op
WorkloadResult  71: 2048 op, 363137200.00 ns, 177.3131 us/op
WorkloadResult  72: 2048 op, 357094600.00 ns, 174.3626 us/op
WorkloadResult  73: 2048 op, 352013400.00 ns, 171.8815 us/op
WorkloadResult  74: 2048 op, 349828900.00 ns, 170.8149 us/op
WorkloadResult  75: 2048 op, 348031300.00 ns, 169.9372 us/op
WorkloadResult  76: 2048 op, 352048700.00 ns, 171.8988 us/op
WorkloadResult  77: 2048 op, 358977500.00 ns, 175.2820 us/op
WorkloadResult  78: 2048 op, 351159700.00 ns, 171.4647 us/op
WorkloadResult  79: 2048 op, 347594700.00 ns, 169.7240 us/op
WorkloadResult  80: 2048 op, 351306200.00 ns, 171.5362 us/op
WorkloadResult  81: 2048 op, 443884300.00 ns, 216.7404 us/op
WorkloadResult  82: 2048 op, 481011000.00 ns, 234.8687 us/op
WorkloadResult  83: 2048 op, 401131000.00 ns, 195.8647 us/op
WorkloadResult  84: 2048 op, 506149700.00 ns, 247.1434 us/op
WorkloadResult  85: 2048 op, 385862300.00 ns, 188.4093 us/op
WorkloadResult  86: 2048 op, 402956500.00 ns, 196.7561 us/op
WorkloadResult  87: 2048 op, 379376900.00 ns, 185.2426 us/op
WorkloadResult  88: 2048 op, 361476700.00 ns, 176.5023 us/op
WorkloadResult  89: 2048 op, 376681500.00 ns, 183.9265 us/op
WorkloadResult  90: 2048 op, 363856800.00 ns, 177.6645 us/op
WorkloadResult  91: 2048 op, 352246900.00 ns, 171.9956 us/op
WorkloadResult  92: 2048 op, 349272100.00 ns, 170.5430 us/op
WorkloadResult  93: 2048 op, 358020300.00 ns, 174.8146 us/op
WorkloadResult  94: 2048 op, 381855000.00 ns, 186.4526 us/op
WorkloadResult  95: 2048 op, 444396500.00 ns, 216.9905 us/op
WorkloadResult  96: 2048 op, 389230300.00 ns, 190.0539 us/op
WorkloadResult  97: 2048 op, 375716500.00 ns, 183.4553 us/op
// GC:  1390 0 0 5817253888 2048
// Threading:  0 0 2048

// AfterAll
// Benchmark Process 3600 has exited with code 0.

Mean = 204.509 μs, StdErr = 3.669 μs (1.79%), N = 97, StdDev = 36.139 μs
Min = 169.724 μs, Q1 = 175.359 μs, Median = 186.453 μs, Q3 = 226.563 μs, Max = 299.502 μs
IQR = 51.204 μs, LowerFence = 98.552 μs, UpperFence = 303.370 μs
ConfidenceInterval = [192.052 μs; 216.966 μs] (CI 99.9%), Margin = 12.457 μs (6.09% of Mean)
Skewness = 1.05, Kurtosis = 3.07, MValue = 2.81

// ** Remained 2 (66.7%) benchmark(s) to run. Estimated finish 2026-09-24 8:48 (0h 1m from now) **
Setup power plan (GUID: 8c5e7fda-e8bf-4a96-9a85-a6e23a8c635c FriendlyName: High performance)
// **************************
// Benchmark: AllocationBenchmark.ArrayAllocation: DefaultJob
// *** Execute ***
// Launch: 1 / 1
// Execute: dotnet AcademyScheduleAnalyzer-DefaultJob-2.dll --anonymousPipes 1736 1712 --benchmarkName MemoryBenchmarking.AllocationBenchmark.ArrayAllocation --job Default --benchmarkId 1 in D:\.NET Course\Assignments\C# Assingments\omarsalem33-Assignment-4\submission\assignment\AcademyScheduleAnalyzer\AcademyScheduleAnalyzer\bin\Release\net10.0\AcademyScheduleAnalyzer-DefaultJob-2\bin\Release\net10.0
// BeforeAnythingElse

// Benchmark Process Environment Information:
// BenchmarkDotNet v0.15.8
// Runtime=.NET 10.0.12 (10.0.12, 10.0.1226.42308), X64 RyuJIT x86-64-v3
// GC=Concurrent Workstation
// HardwareIntrinsics=AVX2+BMI1+BMI2+F16C+FMA+LZCNT+MOVBE,AVX,SSE3+SSSE3+SSE4.1+SSE4.2+POPCNT,X86Base+SSE+SSE2,AES+PCLMUL VectorSize=256
// Job: DefaultJob

OverheadJitting  1: 1 op, 252200.00 ns, 252.2000 us/op
WorkloadJitting  1: 1 op, 329300.00 ns, 329.3000 us/op

OverheadJitting  2: 16 op, 600100.00 ns, 37.5063 us/op
WorkloadJitting  2: 16 op, 653400.00 ns, 40.8375 us/op

WorkloadPilot    1: 16 op, 48800.00 ns, 3.0500 us/op
WorkloadPilot    2: 32 op, 94300.00 ns, 2.9469 us/op
WorkloadPilot    3: 64 op, 137500.00 ns, 2.1484 us/op
WorkloadPilot    4: 128 op, 288700.00 ns, 2.2555 us/op
WorkloadPilot    5: 256 op, 500700.00 ns, 1.9559 us/op
WorkloadPilot    6: 512 op, 776800.00 ns, 1.5172 us/op
WorkloadPilot    7: 1024 op, 1641800.00 ns, 1.6033 us/op
WorkloadPilot    8: 2048 op, 1689400.00 ns, 824.9023 ns/op
WorkloadPilot    9: 4096 op, 1505600.00 ns, 367.5781 ns/op
WorkloadPilot   10: 8192 op, 4010600.00 ns, 489.5752 ns/op
WorkloadPilot   11: 16384 op, 10668500.00 ns, 651.1536 ns/op
WorkloadPilot   12: 32768 op, 10248300.00 ns, 312.7533 ns/op
WorkloadPilot   13: 65536 op, 24647300.00 ns, 376.0880 ns/op
WorkloadPilot   14: 131072 op, 33910200.00 ns, 258.7143 ns/op
WorkloadPilot   15: 262144 op, 63772400.00 ns, 243.2724 ns/op
WorkloadPilot   16: 524288 op, 24143000.00 ns, 46.0491 ns/op
WorkloadPilot   17: 1048576 op, 16919900.00 ns, 16.1361 ns/op
WorkloadPilot   18: 2097152 op, 36786500.00 ns, 17.5412 ns/op
WorkloadPilot   19: 4194304 op, 67066700.00 ns, 15.9899 ns/op
WorkloadPilot   20: 8388608 op, 122718600.00 ns, 14.6292 ns/op
WorkloadPilot   21: 16777216 op, 246252600.00 ns, 14.6778 ns/op
WorkloadPilot   22: 33554432 op, 488444800.00 ns, 14.5568 ns/op
WorkloadPilot   23: 67108864 op, 988769700.00 ns, 14.7338 ns/op

OverheadWarmup   1: 67108864 op, 267250200.00 ns, 3.9823 ns/op
OverheadWarmup   2: 67108864 op, 250185200.00 ns, 3.7280 ns/op
OverheadWarmup   3: 67108864 op, 334790500.00 ns, 4.9888 ns/op
OverheadWarmup   4: 67108864 op, 294179000.00 ns, 4.3836 ns/op
OverheadWarmup   5: 67108864 op, 297498400.00 ns, 4.4331 ns/op
OverheadWarmup   6: 67108864 op, 287528300.00 ns, 4.2845 ns/op

OverheadActual   1: 67108864 op, 300182300.00 ns, 4.4731 ns/op
OverheadActual   2: 67108864 op, 274831000.00 ns, 4.0953 ns/op
OverheadActual   3: 67108864 op, 254680600.00 ns, 3.7950 ns/op
OverheadActual   4: 67108864 op, 254657500.00 ns, 3.7947 ns/op
OverheadActual   5: 67108864 op, 250822200.00 ns, 3.7375 ns/op
OverheadActual   6: 67108864 op, 230956800.00 ns, 3.4415 ns/op
OverheadActual   7: 67108864 op, 224067800.00 ns, 3.3389 ns/op
OverheadActual   8: 67108864 op, 217091200.00 ns, 3.2349 ns/op
OverheadActual   9: 67108864 op, 221343400.00 ns, 3.2983 ns/op
OverheadActual  10: 67108864 op, 224144600.00 ns, 3.3400 ns/op
OverheadActual  11: 67108864 op, 268018700.00 ns, 3.9938 ns/op
OverheadActual  12: 67108864 op, 253248600.00 ns, 3.7737 ns/op
OverheadActual  13: 67108864 op, 230172200.00 ns, 3.4298 ns/op
OverheadActual  14: 67108864 op, 221918400.00 ns, 3.3068 ns/op
OverheadActual  15: 67108864 op, 221093700.00 ns, 3.2946 ns/op
OverheadActual  16: 67108864 op, 219701100.00 ns, 3.2738 ns/op
OverheadActual  17: 67108864 op, 219842300.00 ns, 3.2759 ns/op
OverheadActual  18: 67108864 op, 217987800.00 ns, 3.2483 ns/op
OverheadActual  19: 67108864 op, 220120500.00 ns, 3.2801 ns/op
OverheadActual  20: 67108864 op, 218710000.00 ns, 3.2590 ns/op

WorkloadWarmup   1: 67108864 op, 957303000.00 ns, 14.2649 ns/op
WorkloadWarmup   2: 67108864 op, 911607400.00 ns, 13.5840 ns/op
WorkloadWarmup   3: 67108864 op, 927963400.00 ns, 13.8277 ns/op
WorkloadWarmup   4: 67108864 op, 925752700.00 ns, 13.7948 ns/op
WorkloadWarmup   5: 67108864 op, 916234900.00 ns, 13.6530 ns/op
WorkloadWarmup   6: 67108864 op, 897395800.00 ns, 13.3722 ns/op
WorkloadWarmup   7: 67108864 op, 902379300.00 ns, 13.4465 ns/op
WorkloadWarmup   8: 67108864 op, 941750600.00 ns, 14.0332 ns/op
WorkloadWarmup   9: 67108864 op, 907347400.00 ns, 13.5205 ns/op

// BeforeActualRun
WorkloadActual   1: 67108864 op, 948424200.00 ns, 14.1326 ns/op
WorkloadActual   2: 67108864 op, 906580700.00 ns, 13.5091 ns/op
WorkloadActual   3: 67108864 op, 913082000.00 ns, 13.6060 ns/op
WorkloadActual   4: 67108864 op, 909229400.00 ns, 13.5486 ns/op
WorkloadActual   5: 67108864 op, 908962800.00 ns, 13.5446 ns/op
WorkloadActual   6: 67108864 op, 938785600.00 ns, 13.9890 ns/op
WorkloadActual   7: 67108864 op, 913073600.00 ns, 13.6059 ns/op
WorkloadActual   8: 67108864 op, 915452900.00 ns, 13.6413 ns/op
WorkloadActual   9: 67108864 op, 913076400.00 ns, 13.6059 ns/op
WorkloadActual  10: 67108864 op, 918439600.00 ns, 13.6858 ns/op
WorkloadActual  11: 67108864 op, 906280000.00 ns, 13.5046 ns/op
WorkloadActual  12: 67108864 op, 916151800.00 ns, 13.6517 ns/op
WorkloadActual  13: 67108864 op, 940144000.00 ns, 14.0092 ns/op
WorkloadActual  14: 67108864 op, 916371100.00 ns, 13.6550 ns/op
WorkloadActual  15: 67108864 op, 919858500.00 ns, 13.7070 ns/op

// AfterActualRun
WorkloadResult   1: 67108864 op, 682474500.00 ns, 10.1697 ns/op
WorkloadResult   2: 67108864 op, 688975800.00 ns, 10.2665 ns/op
WorkloadResult   3: 67108864 op, 685123200.00 ns, 10.2091 ns/op
WorkloadResult   4: 67108864 op, 684856600.00 ns, 10.2052 ns/op
WorkloadResult   5: 67108864 op, 688967400.00 ns, 10.2664 ns/op
WorkloadResult   6: 67108864 op, 691346700.00 ns, 10.3019 ns/op
WorkloadResult   7: 67108864 op, 688970200.00 ns, 10.2665 ns/op
WorkloadResult   8: 67108864 op, 694333400.00 ns, 10.3464 ns/op
WorkloadResult   9: 67108864 op, 682173800.00 ns, 10.1652 ns/op
WorkloadResult  10: 67108864 op, 692045600.00 ns, 10.3123 ns/op
WorkloadResult  11: 67108864 op, 692264900.00 ns, 10.3156 ns/op
WorkloadResult  12: 67108864 op, 695752300.00 ns, 10.3675 ns/op
// GC:  513 0 0 2147483648 67108864
// Threading:  0 0 67108864

// AfterAll
// Benchmark Process 17888 has exited with code 0.

Mean = 10.266 ns, StdErr = 0.019 ns (0.19%), N = 12, StdDev = 0.067 ns
Min = 10.165 ns, Q1 = 10.208 ns, Median = 10.266 ns, Q3 = 10.313 ns, Max = 10.368 ns
IQR = 0.105 ns, LowerFence = 10.051 ns, UpperFence = 10.471 ns
ConfidenceInterval = [10.180 ns; 10.352 ns] (CI 99.9%), Margin = 0.086 ns (0.83% of Mean)
Skewness = -0.14, Kurtosis = 1.57, MValue = 2

// ** Remained 1 (33.3%) benchmark(s) to run. Estimated finish 2026-09-24 8:48 (0h 0m from now) **
Setup power plan (GUID: 8c5e7fda-e8bf-4a96-9a85-a6e23a8c635c FriendlyName: High performance)
// **************************
// Benchmark: AllocationBenchmark.SpanUsage: DefaultJob
// *** Execute ***
// Launch: 1 / 1
// Execute: dotnet AcademyScheduleAnalyzer-DefaultJob-2.dll --anonymousPipes 1764 1740 --benchmarkName MemoryBenchmarking.AllocationBenchmark.SpanUsage --job Default --benchmarkId 2 in D:\.NET Course\Assignments\C# Assingments\omarsalem33-Assignment-4\submission\assignment\AcademyScheduleAnalyzer\AcademyScheduleAnalyzer\bin\Release\net10.0\AcademyScheduleAnalyzer-DefaultJob-2\bin\Release\net10.0
// BeforeAnythingElse

// Benchmark Process Environment Information:
// BenchmarkDotNet v0.15.8
// Runtime=.NET 10.0.12 (10.0.12, 10.0.1226.42308), X64 RyuJIT x86-64-v3
// GC=Concurrent Workstation
// HardwareIntrinsics=AVX2+BMI1+BMI2+F16C+FMA+LZCNT+MOVBE,AVX,SSE3+SSSE3+SSE4.1+SSE4.2+POPCNT,X86Base+SSE+SSE2,AES+PCLMUL VectorSize=256
// Job: DefaultJob

OverheadJitting  1: 1 op, 192700.00 ns, 192.7000 us/op
WorkloadJitting  1: 1 op, 257900.00 ns, 257.9000 us/op

OverheadJitting  2: 16 op, 392000.00 ns, 24.5000 us/op
WorkloadJitting  2: 16 op, 386700.00 ns, 24.1688 us/op

WorkloadPilot    1: 16 op, 1200.00 ns, 75.0000 ns/op
WorkloadPilot    2: 32 op, 1100.00 ns, 34.3750 ns/op
WorkloadPilot    3: 64 op, 1500.00 ns, 23.4375 ns/op
WorkloadPilot    4: 128 op, 2600.00 ns, 20.3125 ns/op
WorkloadPilot    5: 256 op, 4700.00 ns, 18.3594 ns/op
WorkloadPilot    6: 512 op, 9000.00 ns, 17.5781 ns/op
WorkloadPilot    7: 1024 op, 17600.00 ns, 17.1875 ns/op
WorkloadPilot    8: 2048 op, 34400.00 ns, 16.7969 ns/op
WorkloadPilot    9: 4096 op, 96300.00 ns, 23.5107 ns/op
WorkloadPilot   10: 8192 op, 138400.00 ns, 16.8945 ns/op
WorkloadPilot   11: 16384 op, 275000.00 ns, 16.7847 ns/op
WorkloadPilot   12: 32768 op, 554600.00 ns, 16.9250 ns/op
WorkloadPilot   13: 65536 op, 1235200.00 ns, 18.8477 ns/op
WorkloadPilot   14: 131072 op, 2405400.00 ns, 18.3517 ns/op
WorkloadPilot   15: 262144 op, 4367000.00 ns, 16.6588 ns/op
WorkloadPilot   16: 524288 op, 9126200.00 ns, 17.4068 ns/op
WorkloadPilot   17: 1048576 op, 18561100.00 ns, 17.7012 ns/op
WorkloadPilot   18: 2097152 op, 37777600.00 ns, 18.0138 ns/op
WorkloadPilot   19: 4194304 op, 76301700.00 ns, 18.1917 ns/op
WorkloadPilot   20: 8388608 op, 148358400.00 ns, 17.6857 ns/op
WorkloadPilot   21: 16777216 op, 294403900.00 ns, 17.5478 ns/op
WorkloadPilot   22: 33554432 op, 590570800.00 ns, 17.6004 ns/op

OverheadWarmup   1: 33554432 op, 78578100.00 ns, 2.3418 ns/op
OverheadWarmup   2: 33554432 op, 80780600.00 ns, 2.4074 ns/op
OverheadWarmup   3: 33554432 op, 74961800.00 ns, 2.2340 ns/op
OverheadWarmup   4: 33554432 op, 57267700.00 ns, 1.7067 ns/op
OverheadWarmup   5: 33554432 op, 57081600.00 ns, 1.7012 ns/op
OverheadWarmup   6: 33554432 op, 57355200.00 ns, 1.7093 ns/op
OverheadWarmup   7: 33554432 op, 57287000.00 ns, 1.7073 ns/op

OverheadActual   1: 33554432 op, 57279000.00 ns, 1.7070 ns/op
OverheadActual   2: 33554432 op, 59312000.00 ns, 1.7676 ns/op
OverheadActual   3: 33554432 op, 57396500.00 ns, 1.7105 ns/op
OverheadActual   4: 33554432 op, 57133600.00 ns, 1.7027 ns/op
OverheadActual   5: 33554432 op, 57822800.00 ns, 1.7233 ns/op
OverheadActual   6: 33554432 op, 57394500.00 ns, 1.7105 ns/op
OverheadActual   7: 33554432 op, 57725100.00 ns, 1.7203 ns/op
OverheadActual   8: 33554432 op, 61006500.00 ns, 1.8181 ns/op
OverheadActual   9: 33554432 op, 55202700.00 ns, 1.6452 ns/op
OverheadActual  10: 33554432 op, 54709700.00 ns, 1.6305 ns/op
OverheadActual  11: 33554432 op, 57592500.00 ns, 1.7164 ns/op
OverheadActual  12: 33554432 op, 59126000.00 ns, 1.7621 ns/op
OverheadActual  13: 33554432 op, 57732100.00 ns, 1.7206 ns/op
OverheadActual  14: 33554432 op, 57662000.00 ns, 1.7185 ns/op
OverheadActual  15: 33554432 op, 57612400.00 ns, 1.7170 ns/op

WorkloadWarmup   1: 33554432 op, 596136500.00 ns, 17.7663 ns/op
WorkloadWarmup   2: 33554432 op, 602433500.00 ns, 17.9539 ns/op
WorkloadWarmup   3: 33554432 op, 587662700.00 ns, 17.5137 ns/op
WorkloadWarmup   4: 33554432 op, 594370600.00 ns, 17.7136 ns/op
WorkloadWarmup   5: 33554432 op, 594276200.00 ns, 17.7108 ns/op
WorkloadWarmup   6: 33554432 op, 593100400.00 ns, 17.6758 ns/op

// BeforeActualRun
WorkloadActual   1: 33554432 op, 592395900.00 ns, 17.6548 ns/op
WorkloadActual   2: 33554432 op, 596670500.00 ns, 17.7822 ns/op
WorkloadActual   3: 33554432 op, 607331000.00 ns, 18.0999 ns/op
WorkloadActual   4: 33554432 op, 600802800.00 ns, 17.9053 ns/op
WorkloadActual   5: 33554432 op, 597593400.00 ns, 17.8097 ns/op
WorkloadActual   6: 33554432 op, 598789700.00 ns, 17.8453 ns/op
WorkloadActual   7: 33554432 op, 600810300.00 ns, 17.9055 ns/op
WorkloadActual   8: 33554432 op, 597914700.00 ns, 17.8192 ns/op
WorkloadActual   9: 33554432 op, 600809500.00 ns, 17.9055 ns/op
WorkloadActual  10: 33554432 op, 622839600.00 ns, 18.5621 ns/op
WorkloadActual  11: 33554432 op, 597197100.00 ns, 17.7979 ns/op
WorkloadActual  12: 33554432 op, 602358900.00 ns, 17.9517 ns/op
WorkloadActual  13: 33554432 op, 602369500.00 ns, 17.9520 ns/op
WorkloadActual  14: 33554432 op, 606278400.00 ns, 18.0685 ns/op
WorkloadActual  15: 33554432 op, 608120700.00 ns, 18.1234 ns/op

// AfterActualRun
WorkloadResult   1: 33554432 op, 534783500.00 ns, 15.9378 ns/op
WorkloadResult   2: 33554432 op, 539058100.00 ns, 16.0652 ns/op
WorkloadResult   3: 33554432 op, 549718600.00 ns, 16.3829 ns/op
WorkloadResult   4: 33554432 op, 543190400.00 ns, 16.1883 ns/op
WorkloadResult   5: 33554432 op, 539981000.00 ns, 16.0927 ns/op
WorkloadResult   6: 33554432 op, 541177300.00 ns, 16.1283 ns/op
WorkloadResult   7: 33554432 op, 543197900.00 ns, 16.1886 ns/op
WorkloadResult   8: 33554432 op, 540302300.00 ns, 16.1023 ns/op
WorkloadResult   9: 33554432 op, 543197100.00 ns, 16.1885 ns/op
WorkloadResult  10: 33554432 op, 539584700.00 ns, 16.0809 ns/op
WorkloadResult  11: 33554432 op, 544746500.00 ns, 16.2347 ns/op
WorkloadResult  12: 33554432 op, 544757100.00 ns, 16.2350 ns/op
WorkloadResult  13: 33554432 op, 548666000.00 ns, 16.3515 ns/op
WorkloadResult  14: 33554432 op, 550508300.00 ns, 16.4064 ns/op
// GC:  0 0 0 0 33554432
// Threading:  0 0 33554432

// AfterAll
// Benchmark Process 7276 has exited with code 0.

Mean = 16.185 ns, StdErr = 0.035 ns (0.22%), N = 14, StdDev = 0.132 ns
Min = 15.938 ns, Q1 = 16.095 ns, Median = 16.188 ns, Q3 = 16.235 ns, Max = 16.406 ns
IQR = 0.140 ns, LowerFence = 15.885 ns, UpperFence = 16.445 ns
ConfidenceInterval = [16.036 ns; 16.333 ns] (CI 99.9%), Margin = 0.149 ns (0.92% of Mean)
Skewness = 0.13, Kurtosis = 2.11, MValue = 2

// ** Remained 0 (0.0%) benchmark(s) to run. Estimated finish 2026-09-24 8:47 (0h 0m from now) **
Successfully reverted power plan (GUID: 6a93ec26-284d-4943-9fc4-c9616def55c6 FriendlyName: Revision - Ultra Performance)
// ***** BenchmarkRunner: Finish  *****

// * Export *

// * Detailed results *
AllocationBenchmark.StringConcatenation: DefaultJob
Runtime = .NET 10.0.12 (10.0.12, 10.0.1226.42308), X64 RyuJIT x86-64-v3; GC = Concurrent Workstation
Mean = 204.509 μs, StdErr = 3.669 μs (1.79%), N = 97, StdDev = 36.139 μs
Min = 169.724 μs, Q1 = 175.359 μs, Median = 186.453 μs, Q3 = 226.563 μs, Max = 299.502 μs
IQR = 51.204 μs, LowerFence = 98.552 μs, UpperFence = 303.370 μs
ConfidenceInterval = [192.052 μs; 216.966 μs] (CI 99.9%), Margin = 12.457 μs (6.09% of Mean)
Skewness = 1.05, Kurtosis = 3.07, MValue = 2.81
-------------------- Histogram --------------------
[169.566 μs ; 190.212 μs) | @@@@@@@@@@@@@@@@@@@@@@@@@@@@@@@@@@@@@@@@@@@@@@@@@@@@
[190.212 μs ; 207.851 μs) | @@@@@
[207.851 μs ; 228.498 μs) | @@@@@@@@@@@@@@@@@@@@
[228.498 μs ; 251.164 μs) | @@@@@@@@
[251.164 μs ; 272.717 μs) | @@@@@@
[272.717 μs ; 280.304 μs) | 
[280.304 μs ; 300.951 μs) | @@@@@@
---------------------------------------------------

AllocationBenchmark.ArrayAllocation: DefaultJob
Runtime = .NET 10.0.12 (10.0.12, 10.0.1226.42308), X64 RyuJIT x86-64-v3; GC = Concurrent Workstation
Mean = 10.266 ns, StdErr = 0.019 ns (0.19%), N = 12, StdDev = 0.067 ns
Min = 10.165 ns, Q1 = 10.208 ns, Median = 10.266 ns, Q3 = 10.313 ns, Max = 10.368 ns
IQR = 0.105 ns, LowerFence = 10.051 ns, UpperFence = 10.471 ns
ConfidenceInterval = [10.180 ns; 10.352 ns] (CI 99.9%), Margin = 0.086 ns (0.83% of Mean)
Skewness = -0.14, Kurtosis = 1.57, MValue = 2
-------------------- Histogram --------------------
[10.127 ns ; 10.394 ns) | @@@@@@@@@@@@
---------------------------------------------------

AllocationBenchmark.SpanUsage: DefaultJob
Runtime = .NET 10.0.12 (10.0.12, 10.0.1226.42308), X64 RyuJIT x86-64-v3; GC = Concurrent Workstation
Mean = 16.185 ns, StdErr = 0.035 ns (0.22%), N = 14, StdDev = 0.132 ns
Min = 15.938 ns, Q1 = 16.095 ns, Median = 16.188 ns, Q3 = 16.235 ns, Max = 16.406 ns
IQR = 0.140 ns, LowerFence = 15.885 ns, UpperFence = 16.445 ns
ConfidenceInterval = [16.036 ns; 16.333 ns] (CI 99.9%), Margin = 0.149 ns (0.92% of Mean)
Skewness = 0.13, Kurtosis = 2.11, MValue = 2
-------------------- Histogram --------------------
[15.866 ns ; 16.478 ns) | @@@@@@@@@@@@@@
---------------------------------------------------

// * Summary *

BenchmarkDotNet v0.15.8, Windows 11 (10.0.26200.9457/25H2/2025Update/HudsonValley2)
Intel Core i7-8565U CPU 1.80GHz (Max: 1.99GHz) (Whiskey Lake), 1 CPU, 8 logical and 4 physical cores
.NET SDK 10.0.401
  [Host]     : .NET 10.0.12 (10.0.12, 10.0.1226.42308), X64 RyuJIT x86-64-v3
  DefaultJob : .NET 10.0.12 (10.0.12, 10.0.1226.42308), X64 RyuJIT x86-64-v3


| Method              | Mean          | Error         | StdDev        | Median        | Gen0     | Allocated |
|-------------------- |--------------:|--------------:|--------------:|--------------:|---------:|----------:|
| StringConcatenation | 204,509.17 ns | 12,456.730 ns | 36,139.236 ns | 186,452.64 ns | 678.7109 | 2840456 B |
| ArrayAllocation     |      10.27 ns |      0.086 ns |      0.067 ns |      10.27 ns |   0.0076 |      32 B |
| SpanUsage           |      16.18 ns |      0.149 ns |      0.132 ns |      16.19 ns |        - |         - |

// * Legends *
  Mean      : Arithmetic mean of all measurements
  Error     : Half of 99.9% confidence interval
  StdDev    : Standard deviation of all measurements
  Median    : Value separating the higher half of all measurements (50th percentile)
  Gen0      : GC Generation 0 collects per 1000 operations
  Allocated : Allocated memory per single operation (managed only, inclusive, 1KB = 1024B)
  1 ns      : 1 Nanosecond (0.000000001 sec)

// * Diagnostic Output - MemoryDiagnoser *


// ***** BenchmarkRunner: End *****
Run time: 00:01:38 (98.43 sec), executed benchmarks: 3

Global total time: 00:01:47 (107.66 sec), executed benchmarks: 3
// * Artifacts cleanup *
Artifacts cleanup is finished
