// Validating benchmarks:
// ***** BenchmarkRunner: Start   *****
// ***** Found 3 benchmark(s) in total *****
// ***** Building 1 exe(s) in Parallel: Start   *****
// start dotnet  restore --nodeReuse:false /p:UseSharedCompilation=false /p:Deterministic=true /p:Optimize=true /p:ArtifactsPath="D:\.NET Course\Assignments\C# Assingments\omarsalem33-Assignment-4\submission\assignment\AcademyScheduleAnalyzer\AcademyScheduleAnalyzer\bin\Release\net10.0\AcademyScheduleAnalyzer-DefaultJob-1/" /p:OutDir="D:\.NET Course\Assignments\C# Assingments\omarsalem33-Assignment-4\submission\assignment\AcademyScheduleAnalyzer\AcademyScheduleAnalyzer\bin\Release\net10.0\AcademyScheduleAnalyzer-DefaultJob-1\bin\Release\net10.0/" /p:OutputPath="D:\.NET Course\Assignments\C# Assingments\omarsalem33-Assignment-4\submission\assignment\AcademyScheduleAnalyzer\AcademyScheduleAnalyzer\bin\Release\net10.0\AcademyScheduleAnalyzer-DefaultJob-1\bin\Release\net10.0/" /p:PublishDir="D:\.NET Course\Assignments\C# Assingments\omarsalem33-Assignment-4\submission\assignment\AcademyScheduleAnalyzer\AcademyScheduleAnalyzer\bin\Release\net10.0\AcademyScheduleAnalyzer-DefaultJob-1\publish/" in D:\.NET Course\Assignments\C# Assingments\omarsalem33-Assignment-4\submission\assignment\AcademyScheduleAnalyzer\AcademyScheduleAnalyzer\bin\Release\net10.0\AcademyScheduleAnalyzer-DefaultJob-1
// command took 1.77 sec and exited with 0
// start dotnet  build -c Release --no-restore --nodeReuse:false /p:UseSharedCompilation=false /p:Deterministic=true /p:Optimize=true /p:ArtifactsPath="D:\.NET Course\Assignments\C# Assingments\omarsalem33-Assignment-4\submission\assignment\AcademyScheduleAnalyzer\AcademyScheduleAnalyzer\bin\Release\net10.0\AcademyScheduleAnalyzer-DefaultJob-1/" /p:OutDir="D:\.NET Course\Assignments\C# Assingments\omarsalem33-Assignment-4\submission\assignment\AcademyScheduleAnalyzer\AcademyScheduleAnalyzer\bin\Release\net10.0\AcademyScheduleAnalyzer-DefaultJob-1\bin\Release\net10.0/" /p:OutputPath="D:\.NET Course\Assignments\C# Assingments\omarsalem33-Assignment-4\submission\assignment\AcademyScheduleAnalyzer\AcademyScheduleAnalyzer\bin\Release\net10.0\AcademyScheduleAnalyzer-DefaultJob-1\bin\Release\net10.0/" /p:PublishDir="D:\.NET Course\Assignments\C# Assingments\omarsalem33-Assignment-4\submission\assignment\AcademyScheduleAnalyzer\AcademyScheduleAnalyzer\bin\Release\net10.0\AcademyScheduleAnalyzer-DefaultJob-1\publish/" --output "D:\.NET Course\Assignments\C# Assingments\omarsalem33-Assignment-4\submission\assignment\AcademyScheduleAnalyzer\AcademyScheduleAnalyzer\bin\Release\net10.0\AcademyScheduleAnalyzer-DefaultJob-1\bin\Release\net10.0/" in D:\.NET Course\Assignments\C# Assingments\omarsalem33-Assignment-4\submission\assignment\AcademyScheduleAnalyzer\AcademyScheduleAnalyzer\bin\Release\net10.0\AcademyScheduleAnalyzer-DefaultJob-1
// command took 6.02 sec and exited with 0
// ***** Done, took 00:00:07 (7.89 sec)   *****
// Found 3 benchmarks:
//   AllocationBenchmark.StringConcatenation: DefaultJob
//   AllocationBenchmark.ArrayAllocation: DefaultJob
//   AllocationBenchmark.SpanUsage: DefaultJob

Setup power plan (GUID: 8c5e7fda-e8bf-4a96-9a85-a6e23a8c635c FriendlyName: High performance)
// **************************
// Benchmark: AllocationBenchmark.StringConcatenation: DefaultJob
// *** Execute ***
// Launch: 1 / 1
// Execute: dotnet AcademyScheduleAnalyzer-DefaultJob-1.dll --anonymousPipes 1404 1416 --benchmarkName MemoryBenchmarking.AllocationBenchmark.StringConcatenation --job Default --benchmarkId 0 in D:\.NET Course\Assignments\C# Assingments\omarsalem33-Assignment-4\submission\assignment\AcademyScheduleAnalyzer\AcademyScheduleAnalyzer\bin\Release\net10.0\AcademyScheduleAnalyzer-DefaultJob-1\bin\Release\net10.0
// BeforeAnythingElse

// Benchmark Process Environment Information:
// BenchmarkDotNet v0.15.8
// Runtime=.NET 10.0.12 (10.0.12, 10.0.1226.42308), X64 RyuJIT x86-64-v3
// GC=Concurrent Workstation
// HardwareIntrinsics=AVX2+BMI1+BMI2+F16C+FMA+LZCNT+MOVBE,AVX,SSE3+SSSE3+SSE4.1+SSE4.2+POPCNT,X86Base+SSE+SSE2,AES+PCLMUL VectorSize=256
// Job: DefaultJob

OverheadJitting  1: 1 op, 216800.00 ns, 216.8000 us/op
WorkloadJitting  1: 1 op, 1862200.00 ns, 1.8622 ms/op

OverheadJitting  2: 16 op, 584200.00 ns, 36.5125 us/op
WorkloadJitting  2: 16 op, 9759300.00 ns, 609.9563 us/op

WorkloadPilot    1: 16 op, 8455200.00 ns, 528.4500 us/op
WorkloadPilot    2: 32 op, 7544400.00 ns, 235.7625 us/op
WorkloadPilot    3: 64 op, 14748900.00 ns, 230.4516 us/op
WorkloadPilot    4: 128 op, 32787100.00 ns, 256.1492 us/op
WorkloadPilot    5: 256 op, 67890600.00 ns, 265.1977 us/op
WorkloadPilot    6: 512 op, 118021400.00 ns, 230.5105 us/op
WorkloadPilot    7: 1024 op, 214846800.00 ns, 209.8113 us/op
WorkloadPilot    8: 2048 op, 412296000.00 ns, 201.3164 us/op
WorkloadPilot    9: 4096 op, 801052800.00 ns, 195.5695 us/op

OverheadWarmup   1: 4096 op, 18300.00 ns, 4.4678 ns/op
OverheadWarmup   2: 4096 op, 17200.00 ns, 4.1992 ns/op
OverheadWarmup   3: 4096 op, 17100.00 ns, 4.1748 ns/op
OverheadWarmup   4: 4096 op, 17200.00 ns, 4.1992 ns/op
OverheadWarmup   5: 4096 op, 16900.00 ns, 4.1260 ns/op
OverheadWarmup   6: 4096 op, 17100.00 ns, 4.1748 ns/op
OverheadWarmup   7: 4096 op, 17000.00 ns, 4.1504 ns/op

OverheadActual   1: 4096 op, 17000.00 ns, 4.1504 ns/op
OverheadActual   2: 4096 op, 17900.00 ns, 4.3701 ns/op
OverheadActual   3: 4096 op, 27000.00 ns, 6.5918 ns/op
OverheadActual   4: 4096 op, 23400.00 ns, 5.7129 ns/op
OverheadActual   5: 4096 op, 17500.00 ns, 4.2725 ns/op
OverheadActual   6: 4096 op, 17400.00 ns, 4.2480 ns/op
OverheadActual   7: 4096 op, 17200.00 ns, 4.1992 ns/op
OverheadActual   8: 4096 op, 17100.00 ns, 4.1748 ns/op
OverheadActual   9: 4096 op, 17200.00 ns, 4.1992 ns/op
OverheadActual  10: 4096 op, 17800.00 ns, 4.3457 ns/op
OverheadActual  11: 4096 op, 17100.00 ns, 4.1748 ns/op
OverheadActual  12: 4096 op, 17000.00 ns, 4.1504 ns/op
OverheadActual  13: 4096 op, 17000.00 ns, 4.1504 ns/op
OverheadActual  14: 4096 op, 17100.00 ns, 4.1748 ns/op
OverheadActual  15: 4096 op, 20600.00 ns, 5.0293 ns/op

WorkloadWarmup   1: 4096 op, 1482150800.00 ns, 361.8532 us/op
WorkloadWarmup   2: 4096 op, 963641100.00 ns, 235.2639 us/op
WorkloadWarmup   3: 4096 op, 971505400.00 ns, 237.1839 us/op
WorkloadWarmup   4: 4096 op, 966418800.00 ns, 235.9421 us/op
WorkloadWarmup   5: 4096 op, 1031084300.00 ns, 251.7296 us/op
WorkloadWarmup   6: 4096 op, 1052971700.00 ns, 257.0732 us/op
WorkloadWarmup   7: 4096 op, 1183842300.00 ns, 289.0240 us/op
WorkloadWarmup   8: 4096 op, 892076700.00 ns, 217.7922 us/op

// BeforeActualRun
WorkloadActual   1: 4096 op, 985159700.00 ns, 240.5175 us/op
WorkloadActual   2: 4096 op, 806204200.00 ns, 196.8272 us/op
WorkloadActual   3: 4096 op, 791517300.00 ns, 193.2415 us/op
WorkloadActual   4: 4096 op, 797802400.00 ns, 194.7760 us/op
WorkloadActual   5: 4096 op, 777081900.00 ns, 189.7173 us/op
WorkloadActual   6: 4096 op, 902385500.00 ns, 220.3090 us/op
WorkloadActual   7: 4096 op, 846618100.00 ns, 206.6939 us/op
WorkloadActual   8: 4096 op, 763408900.00 ns, 186.3791 us/op
WorkloadActual   9: 4096 op, 909870200.00 ns, 222.1363 us/op
WorkloadActual  10: 4096 op, 942708200.00 ns, 230.1534 us/op
WorkloadActual  11: 4096 op, 845179700.00 ns, 206.3427 us/op
WorkloadActual  12: 4096 op, 883195200.00 ns, 215.6238 us/op
WorkloadActual  13: 4096 op, 792175900.00 ns, 193.4023 us/op
WorkloadActual  14: 4096 op, 836310300.00 ns, 204.1773 us/op
WorkloadActual  15: 4096 op, 788080700.00 ns, 192.4025 us/op
WorkloadActual  16: 4096 op, 778642300.00 ns, 190.0982 us/op
WorkloadActual  17: 4096 op, 861270000.00 ns, 210.2710 us/op
WorkloadActual  18: 4096 op, 825782300.00 ns, 201.6070 us/op
WorkloadActual  19: 4096 op, 818513500.00 ns, 199.8324 us/op
WorkloadActual  20: 4096 op, 795682600.00 ns, 194.2584 us/op
WorkloadActual  21: 4096 op, 803542800.00 ns, 196.1774 us/op
WorkloadActual  22: 4096 op, 800325700.00 ns, 195.3920 us/op
WorkloadActual  23: 4096 op, 786224400.00 ns, 191.9493 us/op
WorkloadActual  24: 4096 op, 853972200.00 ns, 208.4893 us/op
WorkloadActual  25: 4096 op, 888189200.00 ns, 216.8431 us/op
WorkloadActual  26: 4096 op, 792883500.00 ns, 193.5751 us/op
WorkloadActual  27: 4096 op, 816947600.00 ns, 199.4501 us/op
WorkloadActual  28: 4096 op, 790464000.00 ns, 192.9844 us/op
WorkloadActual  29: 4096 op, 780000000.00 ns, 190.4297 us/op
WorkloadActual  30: 4096 op, 832417200.00 ns, 203.2269 us/op
WorkloadActual  31: 4096 op, 774571500.00 ns, 189.1044 us/op
WorkloadActual  32: 4096 op, 764800600.00 ns, 186.7189 us/op
WorkloadActual  33: 4096 op, 858575200.00 ns, 209.6131 us/op
WorkloadActual  34: 4096 op, 797713800.00 ns, 194.7543 us/op
WorkloadActual  35: 4096 op, 842825300.00 ns, 205.7679 us/op
WorkloadActual  36: 4096 op, 747360500.00 ns, 182.4611 us/op
WorkloadActual  37: 4096 op, 805106300.00 ns, 196.5592 us/op
WorkloadActual  38: 4096 op, 896663800.00 ns, 218.9121 us/op
WorkloadActual  39: 4096 op, 764577600.00 ns, 186.6645 us/op
WorkloadActual  40: 4096 op, 748136700.00 ns, 182.6506 us/op
WorkloadActual  41: 4096 op, 752114500.00 ns, 183.6217 us/op
WorkloadActual  42: 4096 op, 764868500.00 ns, 186.7355 us/op
WorkloadActual  43: 4096 op, 746317000.00 ns, 182.2063 us/op
WorkloadActual  44: 4096 op, 739515200.00 ns, 180.5457 us/op
WorkloadActual  45: 4096 op, 777111000.00 ns, 189.7244 us/op
WorkloadActual  46: 4096 op, 846753100.00 ns, 206.7268 us/op
WorkloadActual  47: 4096 op, 769561400.00 ns, 187.8812 us/op
WorkloadActual  48: 4096 op, 828425600.00 ns, 202.2523 us/op
WorkloadActual  49: 4096 op, 833853200.00 ns, 203.5774 us/op
WorkloadActual  50: 4096 op, 833051500.00 ns, 203.3817 us/op
WorkloadActual  51: 4096 op, 825627800.00 ns, 201.5693 us/op
WorkloadActual  52: 4096 op, 746487500.00 ns, 182.2479 us/op
WorkloadActual  53: 4096 op, 762765500.00 ns, 186.2220 us/op
WorkloadActual  54: 4096 op, 1021497500.00 ns, 249.3890 us/op
WorkloadActual  55: 4096 op, 1078632600.00 ns, 263.3380 us/op
WorkloadActual  56: 4096 op, 900737200.00 ns, 219.9065 us/op
WorkloadActual  57: 4096 op, 1224377200.00 ns, 298.9202 us/op
WorkloadActual  58: 4096 op, 1157885700.00 ns, 282.6869 us/op
WorkloadActual  59: 4096 op, 886239700.00 ns, 216.3671 us/op
WorkloadActual  60: 4096 op, 830368000.00 ns, 202.7266 us/op
WorkloadActual  61: 4096 op, 798338600.00 ns, 194.9069 us/op
WorkloadActual  62: 4096 op, 825098800.00 ns, 201.4401 us/op
WorkloadActual  63: 4096 op, 758367000.00 ns, 185.1482 us/op
WorkloadActual  64: 4096 op, 847478400.00 ns, 206.9039 us/op
WorkloadActual  65: 4096 op, 846392700.00 ns, 206.6388 us/op
WorkloadActual  66: 4096 op, 879975700.00 ns, 214.8378 us/op
WorkloadActual  67: 4096 op, 759564500.00 ns, 185.4406 us/op
WorkloadActual  68: 4096 op, 907215200.00 ns, 221.4881 us/op
WorkloadActual  69: 4096 op, 828997100.00 ns, 202.3919 us/op
WorkloadActual  70: 4096 op, 752624800.00 ns, 183.7463 us/op
WorkloadActual  71: 4096 op, 857980600.00 ns, 209.4679 us/op
WorkloadActual  72: 4096 op, 851220500.00 ns, 207.8175 us/op
WorkloadActual  73: 4096 op, 878499400.00 ns, 214.4774 us/op
WorkloadActual  74: 4096 op, 824664300.00 ns, 201.3341 us/op
WorkloadActual  75: 4096 op, 820545300.00 ns, 200.3284 us/op
WorkloadActual  76: 4096 op, 743210300.00 ns, 181.4478 us/op
WorkloadActual  77: 4096 op, 733015700.00 ns, 178.9589 us/op
WorkloadActual  78: 4096 op, 869612500.00 ns, 212.3077 us/op
WorkloadActual  79: 4096 op, 880843700.00 ns, 215.0497 us/op
WorkloadActual  80: 4096 op, 936804400.00 ns, 228.7120 us/op
WorkloadActual  81: 4096 op, 862449400.00 ns, 210.5589 us/op
WorkloadActual  82: 4096 op, 891118200.00 ns, 217.5582 us/op
WorkloadActual  83: 4096 op, 732134000.00 ns, 178.7437 us/op
WorkloadActual  84: 4096 op, 709603000.00 ns, 173.2429 us/op
WorkloadActual  85: 4096 op, 704789200.00 ns, 172.0677 us/op
WorkloadActual  86: 4096 op, 705661400.00 ns, 172.2806 us/op
WorkloadActual  87: 4096 op, 690401300.00 ns, 168.5550 us/op
WorkloadActual  88: 4096 op, 702023000.00 ns, 171.3923 us/op
WorkloadActual  89: 4096 op, 702600600.00 ns, 171.5333 us/op
WorkloadActual  90: 4096 op, 1044153100.00 ns, 254.9202 us/op
WorkloadActual  91: 4096 op, 905090500.00 ns, 220.9694 us/op
WorkloadActual  92: 4096 op, 739427300.00 ns, 180.5242 us/op
WorkloadActual  93: 4096 op, 699720700.00 ns, 170.8302 us/op
WorkloadActual  94: 4096 op, 829317500.00 ns, 202.4701 us/op
WorkloadActual  95: 4096 op, 1009889600.00 ns, 246.5551 us/op
WorkloadActual  96: 4096 op, 981225000.00 ns, 239.5569 us/op
WorkloadActual  97: 4096 op, 824979600.00 ns, 201.4110 us/op
WorkloadActual  98: 4096 op, 775973400.00 ns, 189.4466 us/op
WorkloadActual  99: 4096 op, 972849900.00 ns, 237.5122 us/op
WorkloadActual  100: 4096 op, 759352300.00 ns, 185.3887 us/op

// AfterActualRun
WorkloadResult   1: 4096 op, 985142500.00 ns, 240.5133 us/op
WorkloadResult   2: 4096 op, 806187000.00 ns, 196.8230 us/op
WorkloadResult   3: 4096 op, 791500100.00 ns, 193.2373 us/op
WorkloadResult   4: 4096 op, 797785200.00 ns, 194.7718 us/op
WorkloadResult   5: 4096 op, 777064700.00 ns, 189.7131 us/op
WorkloadResult   6: 4096 op, 902368300.00 ns, 220.3048 us/op
WorkloadResult   7: 4096 op, 846600900.00 ns, 206.6897 us/op
WorkloadResult   8: 4096 op, 763391700.00 ns, 186.3749 us/op
WorkloadResult   9: 4096 op, 909853000.00 ns, 222.1321 us/op
WorkloadResult  10: 4096 op, 942691000.00 ns, 230.1492 us/op
WorkloadResult  11: 4096 op, 845162500.00 ns, 206.3385 us/op
WorkloadResult  12: 4096 op, 883178000.00 ns, 215.6196 us/op
WorkloadResult  13: 4096 op, 792158700.00 ns, 193.3981 us/op
WorkloadResult  14: 4096 op, 836293100.00 ns, 204.1731 us/op
WorkloadResult  15: 4096 op, 788063500.00 ns, 192.3983 us/op
WorkloadResult  16: 4096 op, 778625100.00 ns, 190.0940 us/op
WorkloadResult  17: 4096 op, 861252800.00 ns, 210.2668 us/op
WorkloadResult  18: 4096 op, 825765100.00 ns, 201.6028 us/op
WorkloadResult  19: 4096 op, 818496300.00 ns, 199.8282 us/op
WorkloadResult  20: 4096 op, 795665400.00 ns, 194.2542 us/op
WorkloadResult  21: 4096 op, 803525600.00 ns, 196.1732 us/op
WorkloadResult  22: 4096 op, 800308500.00 ns, 195.3878 us/op
WorkloadResult  23: 4096 op, 786207200.00 ns, 191.9451 us/op
WorkloadResult  24: 4096 op, 853955000.00 ns, 208.4851 us/op
WorkloadResult  25: 4096 op, 888172000.00 ns, 216.8389 us/op
WorkloadResult  26: 4096 op, 792866300.00 ns, 193.5709 us/op
WorkloadResult  27: 4096 op, 816930400.00 ns, 199.4459 us/op
WorkloadResult  28: 4096 op, 790446800.00 ns, 192.9802 us/op
WorkloadResult  29: 4096 op, 779982800.00 ns, 190.4255 us/op
WorkloadResult  30: 4096 op, 832400000.00 ns, 203.2227 us/op
WorkloadResult  31: 4096 op, 774554300.00 ns, 189.1002 us/op
WorkloadResult  32: 4096 op, 764783400.00 ns, 186.7147 us/op
WorkloadResult  33: 4096 op, 858558000.00 ns, 209.6089 us/op
WorkloadResult  34: 4096 op, 797696600.00 ns, 194.7501 us/op
WorkloadResult  35: 4096 op, 842808100.00 ns, 205.7637 us/op
WorkloadResult  36: 4096 op, 747343300.00 ns, 182.4569 us/op
WorkloadResult  37: 4096 op, 805089100.00 ns, 196.5550 us/op
WorkloadResult  38: 4096 op, 896646600.00 ns, 218.9079 us/op
WorkloadResult  39: 4096 op, 764560400.00 ns, 186.6603 us/op
WorkloadResult  40: 4096 op, 748119500.00 ns, 182.6464 us/op
WorkloadResult  41: 4096 op, 752097300.00 ns, 183.6175 us/op
WorkloadResult  42: 4096 op, 764851300.00 ns, 186.7313 us/op
WorkloadResult  43: 4096 op, 746299800.00 ns, 182.2021 us/op
WorkloadResult  44: 4096 op, 739498000.00 ns, 180.5415 us/op
WorkloadResult  45: 4096 op, 777093800.00 ns, 189.7202 us/op
WorkloadResult  46: 4096 op, 846735900.00 ns, 206.7226 us/op
WorkloadResult  47: 4096 op, 769544200.00 ns, 187.8770 us/op
WorkloadResult  48: 4096 op, 828408400.00 ns, 202.2481 us/op
WorkloadResult  49: 4096 op, 833836000.00 ns, 203.5732 us/op
WorkloadResult  50: 4096 op, 833034300.00 ns, 203.3775 us/op
WorkloadResult  51: 4096 op, 825610600.00 ns, 201.5651 us/op
WorkloadResult  52: 4096 op, 746470300.00 ns, 182.2437 us/op
WorkloadResult  53: 4096 op, 762748300.00 ns, 186.2178 us/op
WorkloadResult  54: 4096 op, 900720000.00 ns, 219.9023 us/op
WorkloadResult  55: 4096 op, 886222500.00 ns, 216.3629 us/op
WorkloadResult  56: 4096 op, 830350800.00 ns, 202.7224 us/op
WorkloadResult  57: 4096 op, 798321400.00 ns, 194.9027 us/op
WorkloadResult  58: 4096 op, 825081600.00 ns, 201.4359 us/op
WorkloadResult  59: 4096 op, 758349800.00 ns, 185.1440 us/op
WorkloadResult  60: 4096 op, 847461200.00 ns, 206.8997 us/op
WorkloadResult  61: 4096 op, 846375500.00 ns, 206.6346 us/op
WorkloadResult  62: 4096 op, 879958500.00 ns, 214.8336 us/op
WorkloadResult  63: 4096 op, 759547300.00 ns, 185.4364 us/op
WorkloadResult  64: 4096 op, 907198000.00 ns, 221.4839 us/op
WorkloadResult  65: 4096 op, 828979900.00 ns, 202.3877 us/op
WorkloadResult  66: 4096 op, 752607600.00 ns, 183.7421 us/op
WorkloadResult  67: 4096 op, 857963400.00 ns, 209.4637 us/op
WorkloadResult  68: 4096 op, 851203300.00 ns, 207.8133 us/op
WorkloadResult  69: 4096 op, 878482200.00 ns, 214.4732 us/op
WorkloadResult  70: 4096 op, 824647100.00 ns, 201.3299 us/op
WorkloadResult  71: 4096 op, 820528100.00 ns, 200.3242 us/op
WorkloadResult  72: 4096 op, 743193100.00 ns, 181.4436 us/op
WorkloadResult  73: 4096 op, 732998500.00 ns, 178.9547 us/op
WorkloadResult  74: 4096 op, 869595300.00 ns, 212.3035 us/op
WorkloadResult  75: 4096 op, 880826500.00 ns, 215.0455 us/op
WorkloadResult  76: 4096 op, 936787200.00 ns, 228.7078 us/op
WorkloadResult  77: 4096 op, 862432200.00 ns, 210.5547 us/op
WorkloadResult  78: 4096 op, 891101000.00 ns, 217.5540 us/op
WorkloadResult  79: 4096 op, 732116800.00 ns, 178.7395 us/op
WorkloadResult  80: 4096 op, 709585800.00 ns, 173.2387 us/op
WorkloadResult  81: 4096 op, 704772000.00 ns, 172.0635 us/op
WorkloadResult  82: 4096 op, 705644200.00 ns, 172.2764 us/op
WorkloadResult  83: 4096 op, 690384100.00 ns, 168.5508 us/op
WorkloadResult  84: 4096 op, 702005800.00 ns, 171.3881 us/op
WorkloadResult  85: 4096 op, 702583400.00 ns, 171.5292 us/op
WorkloadResult  86: 4096 op, 905073300.00 ns, 220.9652 us/op
WorkloadResult  87: 4096 op, 739410100.00 ns, 180.5200 us/op
WorkloadResult  88: 4096 op, 699703500.00 ns, 170.8260 us/op
WorkloadResult  89: 4096 op, 829300300.00 ns, 202.4659 us/op
WorkloadResult  90: 4096 op, 1009872400.00 ns, 246.5509 us/op
WorkloadResult  91: 4096 op, 981207800.00 ns, 239.5527 us/op
WorkloadResult  92: 4096 op, 824962400.00 ns, 201.4068 us/op
WorkloadResult  93: 4096 op, 775956200.00 ns, 189.4424 us/op
WorkloadResult  94: 4096 op, 972832700.00 ns, 237.5080 us/op
WorkloadResult  95: 4096 op, 759335100.00 ns, 185.3845 us/op
// GC:  2781 0 0 11634507776 4096
// Threading:  0 0 4096

// AfterAll
// Benchmark Process 18740 has exited with code 0.

Mean = 199.255 μs, StdErr = 1.710 μs (0.86%), N = 95, StdDev = 16.667 μs
Min = 168.551 μs, Q1 = 186.687 μs, Median = 199.446 μs, Q3 = 208.974 μs, Max = 246.551 μs
IQR = 22.287 μs, LowerFence = 153.257 μs, UpperFence = 242.405 μs
ConfidenceInterval = [193.446 μs; 205.064 μs] (CI 99.9%), Margin = 5.809 μs (2.92% of Mean)
Skewness = 0.48, Kurtosis = 3, MValue = 3.38

// ** Remained 2 (66.7%) benchmark(s) to run. Estimated finish 2026-09-24 8:48 (0h 3m from now) **
Setup power plan (GUID: 8c5e7fda-e8bf-4a96-9a85-a6e23a8c635c FriendlyName: High performance)
// **************************
// Benchmark: AllocationBenchmark.ArrayAllocation: DefaultJob
// *** Execute ***
// Launch: 1 / 1
// Execute: dotnet AcademyScheduleAnalyzer-DefaultJob-1.dll --anonymousPipes 1452 1152 --benchmarkName MemoryBenchmarking.AllocationBenchmark.ArrayAllocation --job Default --benchmarkId 1 in D:\.NET Course\Assignments\C# Assingments\omarsalem33-Assignment-4\submission\assignment\AcademyScheduleAnalyzer\AcademyScheduleAnalyzer\bin\Release\net10.0\AcademyScheduleAnalyzer-DefaultJob-1\bin\Release\net10.0
// BeforeAnythingElse

// Benchmark Process Environment Information:
// BenchmarkDotNet v0.15.8
// Runtime=.NET 10.0.12 (10.0.12, 10.0.1226.42308), X64 RyuJIT x86-64-v3
// GC=Concurrent Workstation
// HardwareIntrinsics=AVX2+BMI1+BMI2+F16C+FMA+LZCNT+MOVBE,AVX,SSE3+SSSE3+SSE4.1+SSE4.2+POPCNT,X86Base+SSE+SSE2,AES+PCLMUL VectorSize=256
// Job: DefaultJob

OverheadJitting  1: 1 op, 223900.00 ns, 223.9000 us/op
WorkloadJitting  1: 1 op, 454900.00 ns, 454.9000 us/op

OverheadJitting  2: 16 op, 522800.00 ns, 32.6750 us/op
WorkloadJitting  2: 16 op, 646900.00 ns, 40.4313 us/op

WorkloadPilot    1: 16 op, 47500.00 ns, 2.9688 us/op
WorkloadPilot    2: 32 op, 62000.00 ns, 1.9375 us/op
WorkloadPilot    3: 64 op, 132600.00 ns, 2.0719 us/op
WorkloadPilot    4: 128 op, 222400.00 ns, 1.7375 us/op
WorkloadPilot    5: 256 op, 444600.00 ns, 1.7367 us/op
WorkloadPilot    6: 512 op, 955400.00 ns, 1.8660 us/op
WorkloadPilot    7: 1024 op, 1502300.00 ns, 1.4671 us/op
WorkloadPilot    8: 2048 op, 1616700.00 ns, 789.4043 ns/op
WorkloadPilot    9: 4096 op, 1434100.00 ns, 350.1221 ns/op
WorkloadPilot   10: 8192 op, 2040700.00 ns, 249.1089 ns/op
WorkloadPilot   11: 16384 op, 3391900.00 ns, 207.0251 ns/op
WorkloadPilot   12: 32768 op, 6852300.00 ns, 209.1156 ns/op
WorkloadPilot   13: 65536 op, 14216500.00 ns, 216.9266 ns/op
WorkloadPilot   14: 131072 op, 28964800.00 ns, 220.9839 ns/op
WorkloadPilot   15: 262144 op, 48114000.00 ns, 183.5403 ns/op
WorkloadPilot   16: 524288 op, 72149400.00 ns, 137.6141 ns/op
WorkloadPilot   17: 1048576 op, 13993300.00 ns, 13.3451 ns/op
WorkloadPilot   18: 2097152 op, 31543000.00 ns, 15.0409 ns/op
WorkloadPilot   19: 4194304 op, 60594300.00 ns, 14.4468 ns/op
WorkloadPilot   20: 8388608 op, 119571800.00 ns, 14.2541 ns/op
WorkloadPilot   21: 16777216 op, 263259600.00 ns, 15.6915 ns/op
WorkloadPilot   22: 33554432 op, 489983400.00 ns, 14.6026 ns/op
WorkloadPilot   23: 67108864 op, 988859400.00 ns, 14.7352 ns/op

OverheadWarmup   1: 67108864 op, 264998800.00 ns, 3.9488 ns/op
OverheadWarmup   2: 67108864 op, 230042700.00 ns, 3.4279 ns/op
OverheadWarmup   3: 67108864 op, 250027000.00 ns, 3.7257 ns/op
OverheadWarmup   4: 67108864 op, 232592700.00 ns, 3.4659 ns/op
OverheadWarmup   5: 67108864 op, 221958000.00 ns, 3.3074 ns/op
OverheadWarmup   6: 67108864 op, 223545100.00 ns, 3.3311 ns/op
OverheadWarmup   7: 67108864 op, 225261200.00 ns, 3.3567 ns/op
OverheadWarmup   8: 67108864 op, 264286500.00 ns, 3.9382 ns/op
OverheadWarmup   9: 67108864 op, 224870100.00 ns, 3.3508 ns/op

OverheadActual   1: 67108864 op, 226610900.00 ns, 3.3768 ns/op
OverheadActual   2: 67108864 op, 226266400.00 ns, 3.3716 ns/op
OverheadActual   3: 67108864 op, 240641800.00 ns, 3.5858 ns/op
OverheadActual   4: 67108864 op, 238384500.00 ns, 3.5522 ns/op
OverheadActual   5: 67108864 op, 242146000.00 ns, 3.6083 ns/op
OverheadActual   6: 67108864 op, 221086100.00 ns, 3.2944 ns/op
OverheadActual   7: 67108864 op, 226631500.00 ns, 3.3771 ns/op
OverheadActual   8: 67108864 op, 226934700.00 ns, 3.3816 ns/op
OverheadActual   9: 67108864 op, 227503100.00 ns, 3.3901 ns/op
OverheadActual  10: 67108864 op, 226911200.00 ns, 3.3812 ns/op
OverheadActual  11: 67108864 op, 223943100.00 ns, 3.3370 ns/op
OverheadActual  12: 67108864 op, 222600100.00 ns, 3.3170 ns/op
OverheadActual  13: 67108864 op, 226679300.00 ns, 3.3778 ns/op
OverheadActual  14: 67108864 op, 225002400.00 ns, 3.3528 ns/op
OverheadActual  15: 67108864 op, 221555700.00 ns, 3.3014 ns/op

WorkloadWarmup   1: 67108864 op, 942789200.00 ns, 14.0487 ns/op
WorkloadWarmup   2: 67108864 op, 935833000.00 ns, 13.9450 ns/op
WorkloadWarmup   3: 67108864 op, 945507200.00 ns, 14.0892 ns/op
WorkloadWarmup   4: 67108864 op, 957921100.00 ns, 14.2741 ns/op
WorkloadWarmup   5: 67108864 op, 912821200.00 ns, 13.6021 ns/op
WorkloadWarmup   6: 67108864 op, 919419500.00 ns, 13.7004 ns/op
WorkloadWarmup   7: 67108864 op, 974103800.00 ns, 14.5153 ns/op
WorkloadWarmup   8: 67108864 op, 966914000.00 ns, 14.4081 ns/op

// BeforeActualRun
WorkloadActual   1: 67108864 op, 918073200.00 ns, 13.6804 ns/op
WorkloadActual   2: 67108864 op, 910087300.00 ns, 13.5614 ns/op
WorkloadActual   3: 67108864 op, 939250500.00 ns, 13.9959 ns/op
WorkloadActual   4: 67108864 op, 918171600.00 ns, 13.6818 ns/op
WorkloadActual   5: 67108864 op, 972878900.00 ns, 14.4970 ns/op
WorkloadActual   6: 67108864 op, 924582700.00 ns, 13.7774 ns/op
WorkloadActual   7: 67108864 op, 958275800.00 ns, 14.2794 ns/op
WorkloadActual   8: 67108864 op, 924492700.00 ns, 13.7760 ns/op
WorkloadActual   9: 67108864 op, 927940800.00 ns, 13.8274 ns/op
WorkloadActual  10: 67108864 op, 957516500.00 ns, 14.2681 ns/op
WorkloadActual  11: 67108864 op, 941967700.00 ns, 14.0364 ns/op
WorkloadActual  12: 67108864 op, 920996900.00 ns, 13.7239 ns/op
WorkloadActual  13: 67108864 op, 951068100.00 ns, 14.1720 ns/op
WorkloadActual  14: 67108864 op, 952183400.00 ns, 14.1886 ns/op
WorkloadActual  15: 67108864 op, 917567400.00 ns, 13.6728 ns/op
WorkloadActual  16: 67108864 op, 961341200.00 ns, 14.3251 ns/op
WorkloadActual  17: 67108864 op, 942769000.00 ns, 14.0484 ns/op

// AfterActualRun
WorkloadResult   1: 67108864 op, 691441700.00 ns, 10.3033 ns/op
WorkloadResult   2: 67108864 op, 683455800.00 ns, 10.1843 ns/op
WorkloadResult   3: 67108864 op, 712619000.00 ns, 10.6189 ns/op
WorkloadResult   4: 67108864 op, 691540100.00 ns, 10.3048 ns/op
WorkloadResult   5: 67108864 op, 746247400.00 ns, 11.1200 ns/op
WorkloadResult   6: 67108864 op, 697951200.00 ns, 10.4003 ns/op
WorkloadResult   7: 67108864 op, 731644300.00 ns, 10.9023 ns/op
WorkloadResult   8: 67108864 op, 697861200.00 ns, 10.3989 ns/op
WorkloadResult   9: 67108864 op, 701309300.00 ns, 10.4503 ns/op
WorkloadResult  10: 67108864 op, 730885000.00 ns, 10.8910 ns/op
WorkloadResult  11: 67108864 op, 715336200.00 ns, 10.6593 ns/op
WorkloadResult  12: 67108864 op, 694365400.00 ns, 10.3469 ns/op
WorkloadResult  13: 67108864 op, 724436600.00 ns, 10.7949 ns/op
WorkloadResult  14: 67108864 op, 725551900.00 ns, 10.8116 ns/op
WorkloadResult  15: 67108864 op, 690935900.00 ns, 10.2957 ns/op
WorkloadResult  16: 67108864 op, 734709700.00 ns, 10.9480 ns/op
WorkloadResult  17: 67108864 op, 716137500.00 ns, 10.6713 ns/op
// GC:  513 0 0 2147483648 67108864
// Threading:  0 0 67108864

// AfterAll
// Benchmark Process 18592 has exited with code 0.

Mean = 10.594 ns, StdErr = 0.068 ns (0.64%), N = 17, StdDev = 0.281 ns
Min = 10.184 ns, Q1 = 10.347 ns, Median = 10.619 ns, Q3 = 10.812 ns, Max = 11.120 ns
IQR = 0.465 ns, LowerFence = 9.650 ns, UpperFence = 11.509 ns
ConfidenceInterval = [10.320 ns; 10.868 ns] (CI 99.9%), Margin = 0.274 ns (2.59% of Mean)
Skewness = 0.23, Kurtosis = 1.6, MValue = 2

// ** Remained 1 (33.3%) benchmark(s) to run. Estimated finish 2026-09-24 8:46 (0h 1m from now) **
Setup power plan (GUID: 8c5e7fda-e8bf-4a96-9a85-a6e23a8c635c FriendlyName: High performance)
// **************************
// Benchmark: AllocationBenchmark.SpanUsage: DefaultJob
// *** Execute ***
// Launch: 1 / 1
// Execute: dotnet AcademyScheduleAnalyzer-DefaultJob-1.dll --anonymousPipes 1448 944 --benchmarkName MemoryBenchmarking.AllocationBenchmark.SpanUsage --job Default --benchmarkId 2 in D:\.NET Course\Assignments\C# Assingments\omarsalem33-Assignment-4\submission\assignment\AcademyScheduleAnalyzer\AcademyScheduleAnalyzer\bin\Release\net10.0\AcademyScheduleAnalyzer-DefaultJob-1\bin\Release\net10.0
// BeforeAnythingElse

// Benchmark Process Environment Information:
// BenchmarkDotNet v0.15.8
// Runtime=.NET 10.0.12 (10.0.12, 10.0.1226.42308), X64 RyuJIT x86-64-v3
// GC=Concurrent Workstation
// HardwareIntrinsics=AVX2+BMI1+BMI2+F16C+FMA+LZCNT+MOVBE,AVX,SSE3+SSSE3+SSE4.1+SSE4.2+POPCNT,X86Base+SSE+SSE2,AES+PCLMUL VectorSize=256
// Job: DefaultJob

OverheadJitting  1: 1 op, 205100.00 ns, 205.1000 us/op
WorkloadJitting  1: 1 op, 277400.00 ns, 277.4000 us/op

OverheadJitting  2: 16 op, 445200.00 ns, 27.8250 us/op
WorkloadJitting  2: 16 op, 438300.00 ns, 27.3938 us/op

WorkloadPilot    1: 16 op, 1400.00 ns, 87.5000 ns/op
WorkloadPilot    2: 32 op, 1100.00 ns, 34.3750 ns/op
WorkloadPilot    3: 64 op, 1600.00 ns, 25.0000 ns/op
WorkloadPilot    4: 128 op, 2500.00 ns, 19.5313 ns/op
WorkloadPilot    5: 256 op, 4600.00 ns, 17.9688 ns/op
WorkloadPilot    6: 512 op, 8900.00 ns, 17.3828 ns/op
WorkloadPilot    7: 1024 op, 17400.00 ns, 16.9922 ns/op
WorkloadPilot    8: 2048 op, 34400.00 ns, 16.7969 ns/op
WorkloadPilot    9: 4096 op, 69100.00 ns, 16.8701 ns/op
WorkloadPilot   10: 8192 op, 136800.00 ns, 16.6992 ns/op
WorkloadPilot   11: 16384 op, 272900.00 ns, 16.6565 ns/op
WorkloadPilot   12: 32768 op, 545900.00 ns, 16.6595 ns/op
WorkloadPilot   13: 65536 op, 1113600.00 ns, 16.9922 ns/op
WorkloadPilot   14: 131072 op, 2400500.00 ns, 18.3144 ns/op
WorkloadPilot   15: 262144 op, 4426600.00 ns, 16.8861 ns/op
WorkloadPilot   16: 524288 op, 8708000.00 ns, 16.6092 ns/op
WorkloadPilot   17: 1048576 op, 17449100.00 ns, 16.6408 ns/op
WorkloadPilot   18: 2097152 op, 36467900.00 ns, 17.3892 ns/op
WorkloadPilot   19: 4194304 op, 75602500.00 ns, 18.0250 ns/op
WorkloadPilot   20: 8388608 op, 144090300.00 ns, 17.1769 ns/op
WorkloadPilot   21: 16777216 op, 289391400.00 ns, 17.2491 ns/op
WorkloadPilot   22: 33554432 op, 572809800.00 ns, 17.0711 ns/op

OverheadWarmup   1: 33554432 op, 77870800.00 ns, 2.3207 ns/op
OverheadWarmup   2: 33554432 op, 78761300.00 ns, 2.3473 ns/op
OverheadWarmup   3: 33554432 op, 71977500.00 ns, 2.1451 ns/op
OverheadWarmup   4: 33554432 op, 56792600.00 ns, 1.6926 ns/op
OverheadWarmup   5: 33554432 op, 56573100.00 ns, 1.6860 ns/op
OverheadWarmup   6: 33554432 op, 55908900.00 ns, 1.6662 ns/op
OverheadWarmup   7: 33554432 op, 55763300.00 ns, 1.6619 ns/op
OverheadWarmup   8: 33554432 op, 53237500.00 ns, 1.5866 ns/op
OverheadWarmup   9: 33554432 op, 56091300.00 ns, 1.6717 ns/op
OverheadWarmup  10: 33554432 op, 56131000.00 ns, 1.6728 ns/op

OverheadActual   1: 33554432 op, 55708000.00 ns, 1.6602 ns/op
OverheadActual   2: 33554432 op, 55838400.00 ns, 1.6641 ns/op
OverheadActual   3: 33554432 op, 56127600.00 ns, 1.6727 ns/op
OverheadActual   4: 33554432 op, 56258200.00 ns, 1.6766 ns/op
OverheadActual   5: 33554432 op, 56135700.00 ns, 1.6730 ns/op
OverheadActual   6: 33554432 op, 56243900.00 ns, 1.6762 ns/op
OverheadActual   7: 33554432 op, 55973000.00 ns, 1.6681 ns/op
OverheadActual   8: 33554432 op, 60289900.00 ns, 1.7968 ns/op
OverheadActual   9: 33554432 op, 55332700.00 ns, 1.6490 ns/op
OverheadActual  10: 33554432 op, 56188300.00 ns, 1.6745 ns/op
OverheadActual  11: 33554432 op, 56061300.00 ns, 1.6708 ns/op
OverheadActual  12: 33554432 op, 56363500.00 ns, 1.6798 ns/op
OverheadActual  13: 33554432 op, 56227700.00 ns, 1.6757 ns/op
OverheadActual  14: 33554432 op, 56219900.00 ns, 1.6755 ns/op
OverheadActual  15: 33554432 op, 56358300.00 ns, 1.6796 ns/op

WorkloadWarmup   1: 33554432 op, 584114900.00 ns, 17.4080 ns/op
WorkloadWarmup   2: 33554432 op, 574657000.00 ns, 17.1261 ns/op
WorkloadWarmup   3: 33554432 op, 570697300.00 ns, 17.0081 ns/op
WorkloadWarmup   4: 33554432 op, 570555900.00 ns, 17.0039 ns/op
WorkloadWarmup   5: 33554432 op, 571940900.00 ns, 17.0452 ns/op
WorkloadWarmup   6: 33554432 op, 569240800.00 ns, 16.9647 ns/op
WorkloadWarmup   7: 33554432 op, 570703100.00 ns, 17.0083 ns/op
WorkloadWarmup   8: 33554432 op, 574213200.00 ns, 17.1129 ns/op
WorkloadWarmup   9: 33554432 op, 594346700.00 ns, 17.7129 ns/op
WorkloadWarmup  10: 33554432 op, 597577300.00 ns, 17.8092 ns/op
WorkloadWarmup  11: 33554432 op, 603366200.00 ns, 17.9817 ns/op
WorkloadWarmup  12: 33554432 op, 576472800.00 ns, 17.1802 ns/op

// BeforeActualRun
WorkloadActual   1: 33554432 op, 599688300.00 ns, 17.8721 ns/op
WorkloadActual   2: 33554432 op, 584398800.00 ns, 17.4164 ns/op
WorkloadActual   3: 33554432 op, 580274200.00 ns, 17.2935 ns/op
WorkloadActual   4: 33554432 op, 569543700.00 ns, 16.9737 ns/op
WorkloadActual   5: 33554432 op, 571389100.00 ns, 17.0287 ns/op
WorkloadActual   6: 33554432 op, 580329700.00 ns, 17.2952 ns/op
WorkloadActual   7: 33554432 op, 587754700.00 ns, 17.5165 ns/op
WorkloadActual   8: 33554432 op, 568413300.00 ns, 16.9400 ns/op
WorkloadActual   9: 33554432 op, 579434200.00 ns, 17.2685 ns/op
WorkloadActual  10: 33554432 op, 576094900.00 ns, 17.1690 ns/op
WorkloadActual  11: 33554432 op, 601831300.00 ns, 17.9360 ns/op
WorkloadActual  12: 33554432 op, 570123400.00 ns, 16.9910 ns/op
WorkloadActual  13: 33554432 op, 569311300.00 ns, 16.9668 ns/op
WorkloadActual  14: 33554432 op, 605310800.00 ns, 18.0397 ns/op
WorkloadActual  15: 33554432 op, 566597300.00 ns, 16.8859 ns/op
WorkloadActual  16: 33554432 op, 595700700.00 ns, 17.7533 ns/op
WorkloadActual  17: 33554432 op, 604803000.00 ns, 18.0245 ns/op
WorkloadActual  18: 33554432 op, 580497400.00 ns, 17.3002 ns/op
WorkloadActual  19: 33554432 op, 572596900.00 ns, 17.0647 ns/op
WorkloadActual  20: 33554432 op, 606391800.00 ns, 18.0719 ns/op
WorkloadActual  21: 33554432 op, 564803600.00 ns, 16.8325 ns/op
WorkloadActual  22: 33554432 op, 592144300.00 ns, 17.6473 ns/op

// AfterActualRun
WorkloadResult   1: 33554432 op, 543500000.00 ns, 16.1976 ns/op
WorkloadResult   2: 33554432 op, 528210500.00 ns, 15.7419 ns/op
WorkloadResult   3: 33554432 op, 524085900.00 ns, 15.6190 ns/op
WorkloadResult   4: 33554432 op, 513355400.00 ns, 15.2992 ns/op
WorkloadResult   5: 33554432 op, 515200800.00 ns, 15.3542 ns/op
WorkloadResult   6: 33554432 op, 524141400.00 ns, 15.6206 ns/op
WorkloadResult   7: 33554432 op, 531566400.00 ns, 15.8419 ns/op
WorkloadResult   8: 33554432 op, 512225000.00 ns, 15.2655 ns/op
WorkloadResult   9: 33554432 op, 523245900.00 ns, 15.5939 ns/op
WorkloadResult  10: 33554432 op, 519906600.00 ns, 15.4944 ns/op
WorkloadResult  11: 33554432 op, 545643000.00 ns, 16.2614 ns/op
WorkloadResult  12: 33554432 op, 513935100.00 ns, 15.3165 ns/op
WorkloadResult  13: 33554432 op, 513123000.00 ns, 15.2923 ns/op
WorkloadResult  14: 33554432 op, 549122500.00 ns, 16.3651 ns/op
WorkloadResult  15: 33554432 op, 510409000.00 ns, 15.2114 ns/op
WorkloadResult  16: 33554432 op, 539512400.00 ns, 16.0787 ns/op
WorkloadResult  17: 33554432 op, 548614700.00 ns, 16.3500 ns/op
WorkloadResult  18: 33554432 op, 524309100.00 ns, 15.6256 ns/op
WorkloadResult  19: 33554432 op, 516408600.00 ns, 15.3902 ns/op
WorkloadResult  20: 33554432 op, 550203500.00 ns, 16.3973 ns/op
WorkloadResult  21: 33554432 op, 508615300.00 ns, 15.1579 ns/op
WorkloadResult  22: 33554432 op, 535956000.00 ns, 15.9727 ns/op
// GC:  0 0 0 0 33554432
// Threading:  0 0 33554432

// AfterAll
// Benchmark Process 13680 has exited with code 0.

Mean = 15.702 ns, StdErr = 0.089 ns (0.57%), N = 22, StdDev = 0.416 ns
Min = 15.158 ns, Q1 = 15.326 ns, Median = 15.620 ns, Q3 = 16.052 ns, Max = 16.397 ns
IQR = 0.726 ns, LowerFence = 14.236 ns, UpperFence = 17.142 ns
ConfidenceInterval = [15.363 ns; 16.041 ns] (CI 99.9%), Margin = 0.339 ns (2.16% of Mean)
Skewness = 0.4, Kurtosis = 1.62, MValue = 2.46

// ** Remained 0 (0.0%) benchmark(s) to run. Estimated finish 2026-09-24 8:45 (0h 0m from now) **
Successfully reverted power plan (GUID: 6a93ec26-284d-4943-9fc4-c9616def55c6 FriendlyName: Revision - Ultra Performance)
// ***** BenchmarkRunner: Finish  *****

// * Export *
  BenchmarkDotNet.Artifacts\results\MemoryBenchmarking.AllocationBenchmark-report.csv
  BenchmarkDotNet.Artifacts\results\MemoryBenchmarking.AllocationBenchmark-report-github.md
  BenchmarkDotNet.Artifacts\results\MemoryBenchmarking.AllocationBenchmark-report.html

// * Detailed results *
AllocationBenchmark.StringConcatenation: DefaultJob
Runtime = .NET 10.0.12 (10.0.12, 10.0.1226.42308), X64 RyuJIT x86-64-v3; GC = Concurrent Workstation
Mean = 199.255 μs, StdErr = 1.710 μs (0.86%), N = 95, StdDev = 16.667 μs
Min = 168.551 μs, Q1 = 186.687 μs, Median = 199.446 μs, Q3 = 208.974 μs, Max = 246.551 μs
IQR = 22.287 μs, LowerFence = 153.257 μs, UpperFence = 242.405 μs
ConfidenceInterval = [193.446 μs; 205.064 μs] (CI 99.9%), Margin = 5.809 μs (2.92% of Mean)
Skewness = 0.48, Kurtosis = 3, MValue = 3.38
-------------------- Histogram --------------------
[166.101 μs ; 177.147 μs) | @@@@@@@
[177.147 μs ; 185.349 μs) | @@@@@@@@@@@@
[185.349 μs ; 194.938 μs) | @@@@@@@@@@@@@@@@@@@@@@@@
[194.938 μs ; 201.148 μs) | @@@@@@@
[201.148 μs ; 210.737 μs) | @@@@@@@@@@@@@@@@@@@@@@@@@
[210.737 μs ; 223.097 μs) | @@@@@@@@@@@@@@
[223.097 μs ; 234.223 μs) | @@
[234.223 μs ; 246.824 μs) | @@@@
---------------------------------------------------

AllocationBenchmark.ArrayAllocation: DefaultJob
Runtime = .NET 10.0.12 (10.0.12, 10.0.1226.42308), X64 RyuJIT x86-64-v3; GC = Concurrent Workstation
Mean = 10.594 ns, StdErr = 0.068 ns (0.64%), N = 17, StdDev = 0.281 ns
Min = 10.184 ns, Q1 = 10.347 ns, Median = 10.619 ns, Q3 = 10.812 ns, Max = 11.120 ns
IQR = 0.465 ns, LowerFence = 9.650 ns, UpperFence = 11.509 ns
ConfidenceInterval = [10.320 ns; 10.868 ns] (CI 99.9%), Margin = 0.274 ns (2.59% of Mean)
Skewness = 0.23, Kurtosis = 1.6, MValue = 2
-------------------- Histogram --------------------
[10.174 ns ; 10.461 ns) | @@@@@@@@
[10.461 ns ; 10.904 ns) | @@@@@@@
[10.904 ns ; 11.178 ns) | @@
---------------------------------------------------

AllocationBenchmark.SpanUsage: DefaultJob
Runtime = .NET 10.0.12 (10.0.12, 10.0.1226.42308), X64 RyuJIT x86-64-v3; GC = Concurrent Workstation
Mean = 15.702 ns, StdErr = 0.089 ns (0.57%), N = 22, StdDev = 0.416 ns
Min = 15.158 ns, Q1 = 15.326 ns, Median = 15.620 ns, Q3 = 16.052 ns, Max = 16.397 ns
IQR = 0.726 ns, LowerFence = 14.236 ns, UpperFence = 17.142 ns
ConfidenceInterval = [15.363 ns; 16.041 ns] (CI 99.9%), Margin = 0.339 ns (2.16% of Mean)
Skewness = 0.4, Kurtosis = 1.62, MValue = 2.46
-------------------- Histogram --------------------
[14.963 ns ; 15.641 ns) | @@@@@@@@@@@@@
[15.641 ns ; 16.043 ns) | @@@
[16.043 ns ; 16.433 ns) | @@@@@@
---------------------------------------------------

// * Summary *

BenchmarkDotNet v0.15.8, Windows 11 (10.0.26200.9457/25H2/2025Update/HudsonValley2)
Intel Core i7-8565U CPU 1.80GHz (Max: 1.99GHz) (Whiskey Lake), 1 CPU, 8 logical and 4 physical cores
.NET SDK 10.0.401
  [Host]     : .NET 10.0.12 (10.0.12, 10.0.1226.42308), X64 RyuJIT x86-64-v3
  DefaultJob : .NET 10.0.12 (10.0.12, 10.0.1226.42308), X64 RyuJIT x86-64-v3


| Method              | Mean          | Error        | StdDev        | Gen0     | Allocated |
|-------------------- |--------------:|-------------:|--------------:|---------:|----------:|
| StringConcatenation | 199,255.00 ns | 5,809.020 ns | 16,667.170 ns | 678.9551 | 2840456 B |
| ArrayAllocation     |      10.59 ns |     0.274 ns |      0.281 ns |   0.0076 |      32 B |
| SpanUsage           |      15.70 ns |     0.339 ns |      0.416 ns |        - |         - |

// * Warnings *
MultimodalDistribution
  AllocationBenchmark.StringConcatenation: Default -> It seems that the distribution is bimodal (mValue = 3.38)

// * Hints *
Outliers
  AllocationBenchmark.StringConcatenation: Default -> 5 outliers were removed (249.39 μs..298.92 μs)

// * Legends *
  Mean      : Arithmetic mean of all measurements
  Error     : Half of 99.9% confidence interval
  StdDev    : Standard deviation of all measurements
  Gen0      : GC Generation 0 collects per 1000 operations
  Allocated : Allocated memory per single operation (managed only, inclusive, 1KB = 1024B)
  1 ns      : 1 Nanosecond (0.000000001 sec)

// * Diagnostic Output - MemoryDiagnoser *


// ***** BenchmarkRunner: End *****
Run time: 00:02:31 (151.64 sec), executed benchmarks: 3

Global total time: 00:02:40 (160.37 sec), executed benchmarks: 3
// * Artifacts cleanup *
Artifacts cleanup is finished
